******************************************************************************
             TMS320C2000 Linker Unix v20.2.1                   
******************************************************************************
>> Linked Thu Jan  7 02:01:03 2021

OUTPUT FILE NAME:   <TI-TMS320F28027-USB-TTL.out>
ENTRY POINT SYMBOL: "code_start"  address: 003f7ff6


MEMORY CONFIGURATION

         name            origin    length      used     unused   attr    fill
----------------------  --------  ---------  --------  --------  ----  --------
PAGE 0:
  RAMM0                 00000050   000003b0  00000000  000003b0  RWIX
  OTP                   003d7800   00000400  00000000  00000400  RWIX
  FLASHB                003f6000   00001000  00000000  00001000  RWIX
  FLASHA                003f7000   00000f80  00000202  00000d7e  RWIX
  CSM_RSVD              003f7f80   00000076  00000000  00000076  RWIX
  BEGIN                 003f7ff6   00000002  00000002  00000000  RWIX
  CSM_PWL_P0            003f7ff8   00000008  00000000  00000008  RWIX
  IQTABLES              003fe000   00000b50  00000000  00000b50  RWIX
  IQTABLES2             003feb50   0000008c  00000000  0000008c  RWIX
  IQTABLES3             003febdc   000000aa  00000000  000000aa  RWIX
  ROM                   003ff27c   00000d44  00000000  00000d44  RWIX
  RESET                 003fffc0   00000002  00000000  00000002  RWIX
  VECTORS               003fffc2   0000003e  00000000  0000003e  RWIX

PAGE 1:
  BOOT_RSVD             00000000   00000050  00000000  00000050  RWIX
  RAMM1                 00000400   00000400  0000031b  000000e5  RWIX
  DEV_EMU               00000880   00000105  00000000  00000105  RWIX
  SYS_PWR_CTL           00000985   00000003  00000000  00000003  RWIX
  FLASH_REGS            00000a80   00000060  00000000  00000060  RWIX
  CSM                   00000ae0   00000010  00000000  00000010  RWIX
  ADC_RESULT            00000b00   00000020  00000000  00000020  RWIX
  CPU_TIMER0            00000c00   00000008  00000000  00000008  RWIX
  CPU_TIMER1            00000c08   00000008  00000000  00000008  RWIX
  CPU_TIMER2            00000c10   00000008  00000000  00000008  RWIX
  PIE_CTRL              00000ce0   00000020  00000000  00000020  RWIX
  PIE_VECT              00000d00   00000100  00000000  00000100  RWIX
  COMP1                 00006400   00000020  00000000  00000020  RWIX
  COMP2                 00006420   00000020  00000000  00000020  RWIX
  EPWM1                 00006800   00000040  00000000  00000040  RWIX
  EPWM2                 00006840   00000040  00000000  00000040  RWIX
  EPWM3                 00006880   00000040  00000000  00000040  RWIX
  EPWM4                 000068c0   00000040  00000000  00000040  RWIX
  ECAP1                 00006a00   00000020  00000000  00000020  RWIX
  GPIOCTRL              00006f80   00000040  00000000  00000040  RWIX
  GPIODAT               00006fc0   00000020  00000000  00000020  RWIX
  GPIOINT               00006fe0   00000020  00000000  00000020  RWIX
  SYSTEM                00007010   00000020  00000000  00000020  RWIX
  SPIA                  00007040   00000010  00000000  00000010  RWIX
  SCIA                  00007050   00000010  00000000  00000010  RWIX
  NMIINTRUPT            00007060   00000010  00000000  00000010  RWIX
  XINTRUPT              00007070   00000010  00000000  00000010  RWIX
  ADC                   00007100   00000080  00000000  00000080  RWIX
  I2CA                  00007900   00000040  00000000  00000040  RWIX
  RAML0                 00008000   00000400  00000000  00000400  RWIX
  PARTID                003d7fff   00000001  00000000  00000001  RWIX
  CSM_PWL               003f7ff8   00000008  00000000  00000008  RWIX


SECTION ALLOCATION MAP

 output                                  attributes/
section   page    origin      length       input sections
--------  ----  ----------  ----------   ----------------
ramfuncs   0    00000050    00000000     UNINITIALIZED

.cinit     0    003f71e8    0000001a     
                  003f71e8    0000000e     rts2800_ml.lib : exit.c.obj (.cinit)
                  003f71f6    00000005                    : _lock.c.obj (.cinit:__lock)
                  003f71fb    00000005                    : _lock.c.obj (.cinit:__unlock)
                  003f7200    00000002     --HOLE-- [fill = 0]

codestart 
*          0    003f7ff6    00000002     
                  003f7ff6    00000002     driverlib.lib : f2802xx_codestartbranch.obj (codestart)

.pinit     0    003f7000    00000000     UNINITIALIZED

.stack     1    00000400    00000300     UNINITIALIZED
                  00000400    00000300     --HOLE--

.reset     0    003fffc0    00000002     DSECT
                  003fffc0    00000002     rts2800_ml.lib : boot28.asm.obj (.reset)

vectors    0    003fffc2    00000000     DSECT

.text      0    003f7000    000001e8     
                  003f7000    00000054     rts2800_ml.lib : boot28.asm.obj (.text)
                  003f7054    00000029                    : exit.c.obj (.text)
                  003f707d    00000024                    : cpy_tbl.c.obj (.text)
                  003f70a1    0000001d                    : memcpy.c.obj (.text)
                  003f70be    00000011                    : args_main.c.obj (.text)
                  003f70cf    00000009                    : _lock.c.obj (.text)
                  003f70d8    00000008     driverlib.lib : f2802xx_codestartbranch.obj (.text)
                  003f70e0    00000005                   : f2802xx_defaultisr.obj (.text:_ADCINT1_ISR)
                  003f70e5    00000005                   : f2802xx_defaultisr.obj (.text:_ADCINT2_ISR)
                  003f70ea    00000005                   : f2802xx_defaultisr.obj (.text:_ADCINT3_ISR)
                  003f70ef    00000005                   : f2802xx_defaultisr.obj (.text:_ADCINT4_ISR)
                  003f70f4    00000005                   : f2802xx_defaultisr.obj (.text:_ADCINT5_ISR)
                  003f70f9    00000005                   : f2802xx_defaultisr.obj (.text:_ADCINT6_ISR)
                  003f70fe    00000005                   : f2802xx_defaultisr.obj (.text:_ADCINT7_ISR)
                  003f7103    00000005                   : f2802xx_defaultisr.obj (.text:_ADCINT8_ISR)
                  003f7108    00000005                   : f2802xx_defaultisr.obj (.text:_ADCINT9_ISR)
                  003f710d    00000005                   : f2802xx_defaultisr.obj (.text:_DATALOG_ISR)
                  003f7112    00000005                   : f2802xx_defaultisr.obj (.text:_ECAP1_INT_ISR)
                  003f7117    00000005                   : f2802xx_defaultisr.obj (.text:_EMPTY_ISR)
                  003f711c    00000005                   : f2802xx_defaultisr.obj (.text:_EMUINT_ISR)
                  003f7121    00000005                   : f2802xx_defaultisr.obj (.text:_EPWM1_INT_ISR)
                  003f7126    00000005                   : f2802xx_defaultisr.obj (.text:_EPWM1_TZINT_ISR)
                  003f712b    00000005                   : f2802xx_defaultisr.obj (.text:_EPWM2_INT_ISR)
                  003f7130    00000005                   : f2802xx_defaultisr.obj (.text:_EPWM2_TZINT_ISR)
                  003f7135    00000005                   : f2802xx_defaultisr.obj (.text:_EPWM3_INT_ISR)
                  003f713a    00000005                   : f2802xx_defaultisr.obj (.text:_EPWM3_TZINT_ISR)
                  003f713f    00000005                   : f2802xx_defaultisr.obj (.text:_EPWM4_INT_ISR)
                  003f7144    00000005                   : f2802xx_defaultisr.obj (.text:_EPWM4_TZINT_ISR)
                  003f7149    00000005                   : f2802xx_defaultisr.obj (.text:_I2CINT1A_ISR)
                  003f714e    00000005                   : f2802xx_defaultisr.obj (.text:_I2CINT2A_ISR)
                  003f7153    00000005                   : f2802xx_defaultisr.obj (.text:_ILLEGAL_ISR)
                  003f7158    00000005                   : f2802xx_defaultisr.obj (.text:_INT13_ISR)
                  003f715d    00000005                   : f2802xx_defaultisr.obj (.text:_INT14_ISR)
                  003f7162    00000005                   : f2802xx_defaultisr.obj (.text:_NMI_ISR)
                  003f7167    00000005                   : f2802xx_defaultisr.obj (.text:_PIE_RESERVED)
                  003f716c    00000005                   : pie.obj (.text:_PIE_illegalIsr)
                  003f7171    00000005                   : f2802xx_defaultisr.obj (.text:_RTOSINT_ISR)
                  003f7176    00000005                   : f2802xx_defaultisr.obj (.text:_SCIRXINTA_ISR)
                  003f717b    00000005                   : f2802xx_defaultisr.obj (.text:_SCITXINTA_ISR)
                  003f7180    00000005                   : f2802xx_defaultisr.obj (.text:_SPIRXINTA_ISR)
                  003f7185    00000005                   : f2802xx_defaultisr.obj (.text:_SPITXINTA_ISR)
                  003f718a    00000005                   : f2802xx_defaultisr.obj (.text:_TINT0_ISR)
                  003f718f    00000005                   : f2802xx_defaultisr.obj (.text:_USER10_ISR)
                  003f7194    00000005                   : f2802xx_defaultisr.obj (.text:_USER11_ISR)
                  003f7199    00000005                   : f2802xx_defaultisr.obj (.text:_USER12_ISR)
                  003f719e    00000005                   : f2802xx_defaultisr.obj (.text:_USER1_ISR)
                  003f71a3    00000005                   : f2802xx_defaultisr.obj (.text:_USER2_ISR)
                  003f71a8    00000005                   : f2802xx_defaultisr.obj (.text:_USER3_ISR)
                  003f71ad    00000005                   : f2802xx_defaultisr.obj (.text:_USER4_ISR)
                  003f71b2    00000005                   : f2802xx_defaultisr.obj (.text:_USER5_ISR)
                  003f71b7    00000005                   : f2802xx_defaultisr.obj (.text:_USER6_ISR)
                  003f71bc    00000005                   : f2802xx_defaultisr.obj (.text:_USER7_ISR)
                  003f71c1    00000005                   : f2802xx_defaultisr.obj (.text:_USER8_ISR)
                  003f71c6    00000005                   : f2802xx_defaultisr.obj (.text:_USER9_ISR)
                  003f71cb    00000005                   : f2802xx_defaultisr.obj (.text:_WAKEINT_ISR)
                  003f71d0    00000005                   : f2802xx_defaultisr.obj (.text:_XINT1_ISR)
                  003f71d5    00000005                   : f2802xx_defaultisr.obj (.text:_XINT2_ISR)
                  003f71da    00000005                   : f2802xx_defaultisr.obj (.text:_XINT3_ISR)
                  003f71df    00000005                   : f2802xx_defaultisr.obj (.text:_rsvd_ISR)
                  003f71e4    00000002     rts2800_ml.lib : pre_init.c.obj (.text)
                  003f71e6    00000001     main.obj (.text)
                  003f71e7    00000001     rts2800_ml.lib : startup.c.obj (.text)

.ebss      1    00000700    0000001b     UNINITIALIZED
                  00000700    00000010     drv_base.obj (.ebss)
                  00000710    00000006     rts2800_ml.lib : exit.c.obj (.ebss)
                  00000716    00000002                    : _lock.c.obj (.ebss:__lock)
                  00000718    00000002                    : _lock.c.obj (.ebss:__unlock)
                  0000071a    00000001     driverlib.lib : cpu.obj (.ebss)

MODULE SUMMARY

       Module                        code   initialized data   uninitialized data
       ------                        ----   ----------------   ------------------
    ./src/
       main.obj                      1      0                  0                 
    +--+-----------------------------+------+------------------+--------------------+
       Total:                        1      0                  0                 
                                                                                 
    ./src/bsp/
       drv_base.obj                  0      0                  16                
    +--+-----------------------------+------+------------------+--------------------+
       Total:                        0      0                  16                
                                                                                 
    /opt/ti/c2000/C2000Ware_3_03_00_00/device_support/f2802x/common/ccs/Debug/driverlib.lib
       f2802xx_defaultisr.obj        255    0                  0                 
       f2802xx_codestartbranch.obj   10     0                  0                 
       pie.obj                       5      0                  0                 
       cpu.obj                       0      0                  1                 
    +--+-----------------------------+------+------------------+--------------------+
       Total:                        270    0                  1                 
                                                                                 
    /opt/ti/ccs1011/ccs/tools/compiler/ti-cgt-c2000_20.2.1.LTS/lib/rts2800_ml.lib
       boot28.asm.obj                84     0                  0                 
       exit.c.obj                    41     14                 6                 
       cpy_tbl.c.obj                 36     0                  0                 
       memcpy.c.obj                  29     0                  0                 
       _lock.c.obj                   9      10                 4                 
       args_main.c.obj               17     0                  0                 
       pre_init.c.obj                2      0                  0                 
       startup.c.obj                 1      0                  0                 
    +--+-----------------------------+------+------------------+--------------------+
       Total:                        219    24                 10                
                                                                                 
       Stack:                        0      0                  768               
    +--+-----------------------------+------+------------------+--------------------+
       Grand Total:                  490    24                 795               


GLOBAL DATA SYMBOLS: SORTED BY DATA PAGE

address     data page           name
--------    ----------------    ----
00000400      10 (00000400)     __stack

00000700      1c (00000700)     _mCpu
00000702      1c (00000700)     _mPll
00000704      1c (00000700)     _mWdog
00000706      1c (00000700)     _mClk
00000708      1c (00000700)     _mFlash
0000070a      1c (00000700)     _mPie
0000070c      1c (00000700)     _mSci
0000070e      1c (00000700)     _mGpio
00000710      1c (00000700)     ___TI_enable_exit_profile_output
00000712      1c (00000700)     ___TI_cleanup_ptr
00000714      1c (00000700)     ___TI_dtors_ptr
00000716      1c (00000700)     __lock
00000718      1c (00000700)     __unlock
0000071a      1c (00000700)     _cpu


GLOBAL SYMBOLS: SORTED ALPHABETICALLY BY Name 

page  address   name                            
----  -------   ----                            
abs   ffffffff  .text                           
0     003f7054  C$$EXIT                         
0     003f70e0  _ADCINT1_ISR                    
0     003f70e5  _ADCINT2_ISR                    
0     003f70ea  _ADCINT3_ISR                    
0     003f70ef  _ADCINT4_ISR                    
0     003f70f4  _ADCINT5_ISR                    
0     003f70f9  _ADCINT6_ISR                    
0     003f70fe  _ADCINT7_ISR                    
0     003f7103  _ADCINT8_ISR                    
0     003f7108  _ADCINT9_ISR                    
0     003f710d  _DATALOG_ISR                    
0     003f7112  _ECAP1_INT_ISR                  
0     003f7117  _EMPTY_ISR                      
0     003f711c  _EMUINT_ISR                     
0     003f7121  _EPWM1_INT_ISR                  
0     003f7126  _EPWM1_TZINT_ISR                
0     003f712b  _EPWM2_INT_ISR                  
0     003f7130  _EPWM2_TZINT_ISR                
0     003f7135  _EPWM3_INT_ISR                  
0     003f713a  _EPWM3_TZINT_ISR                
0     003f713f  _EPWM4_INT_ISR                  
0     003f7144  _EPWM4_TZINT_ISR                
0     003f7149  _I2CINT1A_ISR                   
0     003f714e  _I2CINT2A_ISR                   
0     003f7153  _ILLEGAL_ISR                    
0     003f7158  _INT13_ISR                      
0     003f715d  _INT14_ISR                      
0     003f7162  _NMI_ISR                        
0     003f7167  _PIE_RESERVED                   
0     003f716c  _PIE_illegalIsr                 
0     003f7171  _RTOSINT_ISR                    
abs   00000000  _RamfuncsLoadSize               
0     00000050  _RamfuncsLoadStart              
0     00000050  _RamfuncsRunStart               
0     003f7176  _SCIRXINTA_ISR                  
0     003f717b  _SCITXINTA_ISR                  
0     003f7180  _SPIRXINTA_ISR                  
0     003f7185  _SPITXINTA_ISR                  
0     003f718a  _TINT0_ISR                      
0     003f718f  _USER10_ISR                     
0     003f7194  _USER11_ISR                     
0     003f7199  _USER12_ISR                     
0     003f719e  _USER1_ISR                      
0     003f71a3  _USER2_ISR                      
0     003f71a8  _USER3_ISR                      
0     003f71ad  _USER4_ISR                      
0     003f71b2  _USER5_ISR                      
0     003f71b7  _USER6_ISR                      
0     003f71bc  _USER7_ISR                      
0     003f71c1  _USER8_ISR                      
0     003f71c6  _USER9_ISR                      
0     003f71cb  _WAKEINT_ISR                    
0     003f71d0  _XINT1_ISR                      
0     003f71d5  _XINT2_ISR                      
0     003f71da  _XINT3_ISR                      
1     00000700  __STACK_END                     
abs   00000300  __STACK_SIZE                    
1     00000712  ___TI_cleanup_ptr               
1     00000714  ___TI_dtors_ptr                 
1     00000710  ___TI_enable_exit_profile_output
abs   ffffffff  ___TI_pprof_out_hndl            
abs   ffffffff  ___TI_prof_data_size            
abs   ffffffff  ___TI_prof_data_start           
abs   ffffffff  ___binit__                      
abs   ffffffff  ___c_args__                     
0     003f71e8  ___cinit__                      
abs   ffffffff  ___etext__                      
abs   ffffffff  ___pinit__                      
abs   ffffffff  ___text__                       
0     003f70be  __args_main                     
1     00000716  __lock                          
0     003f70d7  __nop                           
0     003f70d3  __register_lock                 
0     003f70cf  __register_unlock               
1     00000400  __stack                         
0     003f71e7  __system_post_cinit             
0     003f71e4  __system_pre_init               
1     00000718  __unlock                        
0     003f7054  _abort                          
0     003f7000  _c_int00                        
0     003f707d  _copy_in                        
1     0000071a  _cpu                            
0     003f7056  _exit                           
1     00000706  _mClk                           
1     00000700  _mCpu                           
1     00000708  _mFlash                         
1     0000070e  _mGpio                          
1     0000070a  _mPie                           
1     00000702  _mPll                           
1     0000070c  _mSci                           
1     00000704  _mWdog                          
0     003f71e6  _main                           
0     003f70a1  _memcpy                         
0     003f71df  _rsvd_ISR                       
abs   ffffffff  binit                           
0     003f71e8  cinit                           
0     003f7ff6  code_start                      
abs   ffffffff  etext                           
abs   ffffffff  pinit                           


GLOBAL SYMBOLS: SORTED BY Symbol Address 

page  address   name                            
----  -------   ----                            
0     00000050  _RamfuncsLoadStart              
0     00000050  _RamfuncsRunStart               
0     003f7000  _c_int00                        
0     003f7054  C$$EXIT                         
0     003f7054  _abort                          
0     003f7056  _exit                           
0     003f707d  _copy_in                        
0     003f70a1  _memcpy                         
0     003f70be  __args_main                     
0     003f70cf  __register_unlock               
0     003f70d3  __register_lock                 
0     003f70d7  __nop                           
0     003f70e0  _ADCINT1_ISR                    
0     003f70e5  _ADCINT2_ISR                    
0     003f70ea  _ADCINT3_ISR                    
0     003f70ef  _ADCINT4_ISR                    
0     003f70f4  _ADCINT5_ISR                    
0     003f70f9  _ADCINT6_ISR                    
0     003f70fe  _ADCINT7_ISR                    
0     003f7103  _ADCINT8_ISR                    
0     003f7108  _ADCINT9_ISR                    
0     003f710d  _DATALOG_ISR                    
0     003f7112  _ECAP1_INT_ISR                  
0     003f7117  _EMPTY_ISR                      
0     003f711c  _EMUINT_ISR                     
0     003f7121  _EPWM1_INT_ISR                  
0     003f7126  _EPWM1_TZINT_ISR                
0     003f712b  _EPWM2_INT_ISR                  
0     003f7130  _EPWM2_TZINT_ISR                
0     003f7135  _EPWM3_INT_ISR                  
0     003f713a  _EPWM3_TZINT_ISR                
0     003f713f  _EPWM4_INT_ISR                  
0     003f7144  _EPWM4_TZINT_ISR                
0     003f7149  _I2CINT1A_ISR                   
0     003f714e  _I2CINT2A_ISR                   
0     003f7153  _ILLEGAL_ISR                    
0     003f7158  _INT13_ISR                      
0     003f715d  _INT14_ISR                      
0     003f7162  _NMI_ISR                        
0     003f7167  _PIE_RESERVED                   
0     003f716c  _PIE_illegalIsr                 
0     003f7171  _RTOSINT_ISR                    
0     003f7176  _SCIRXINTA_ISR                  
0     003f717b  _SCITXINTA_ISR                  
0     003f7180  _SPIRXINTA_ISR                  
0     003f7185  _SPITXINTA_ISR                  
0     003f718a  _TINT0_ISR                      
0     003f718f  _USER10_ISR                     
0     003f7194  _USER11_ISR                     
0     003f7199  _USER12_ISR                     
0     003f719e  _USER1_ISR                      
0     003f71a3  _USER2_ISR                      
0     003f71a8  _USER3_ISR                      
0     003f71ad  _USER4_ISR                      
0     003f71b2  _USER5_ISR                      
0     003f71b7  _USER6_ISR                      
0     003f71bc  _USER7_ISR                      
0     003f71c1  _USER8_ISR                      
0     003f71c6  _USER9_ISR                      
0     003f71cb  _WAKEINT_ISR                    
0     003f71d0  _XINT1_ISR                      
0     003f71d5  _XINT2_ISR                      
0     003f71da  _XINT3_ISR                      
0     003f71df  _rsvd_ISR                       
0     003f71e4  __system_pre_init               
0     003f71e6  _main                           
0     003f71e7  __system_post_cinit             
0     003f71e8  ___cinit__                      
0     003f71e8  cinit                           
0     003f7ff6  code_start                      
1     00000400  __stack                         
1     00000700  __STACK_END                     
1     00000700  _mCpu                           
1     00000702  _mPll                           
1     00000704  _mWdog                          
1     00000706  _mClk                           
1     00000708  _mFlash                         
1     0000070a  _mPie                           
1     0000070c  _mSci                           
1     0000070e  _mGpio                          
1     00000710  ___TI_enable_exit_profile_output
1     00000712  ___TI_cleanup_ptr               
1     00000714  ___TI_dtors_ptr                 
1     00000716  __lock                          
1     00000718  __unlock                        
1     0000071a  _cpu                            
abs   00000000  _RamfuncsLoadSize               
abs   00000300  __STACK_SIZE                    
abs   ffffffff  .text                           
abs   ffffffff  ___TI_pprof_out_hndl            
abs   ffffffff  ___TI_prof_data_size            
abs   ffffffff  ___TI_prof_data_start           
abs   ffffffff  ___binit__                      
abs   ffffffff  ___c_args__                     
abs   ffffffff  ___etext__                      
abs   ffffffff  ___pinit__                      
abs   ffffffff  ___text__                       
abs   ffffffff  binit                           
abs   ffffffff  etext                           
abs   ffffffff  pinit                           

[100 symbols]
