<?xml version="1.0" encoding="ISO-8859-1" ?>
<link_info>
   <banner>TMS320C2000 Linker PC v20.2.1.LTS</banner>
   <copyright>Copyright (c) 1996-2018 Texas Instruments Incorporated</copyright>
   <link_time>0x5ffb77d5</link_time>
   <link_errors>0x0</link_errors>
   <output_file>TI-TMS320F28027-USB-SPI.out</output_file>
   <entry_point>
      <name>code_start</name>
      <address>0x3f7ff6</address>
   </entry_point>
   <input_file_list>
      <input_file id="fl-2">
         <path>.\src\bsp\</path>
         <kind>object</kind>
         <file>drv_base.obj</file>
         <name>drv_base.obj</name>
      </input_file>
      <input_file id="fl-3">
         <path>.\src\bsp\</path>
         <kind>object</kind>
         <file>drv_led.obj</file>
         <name>drv_led.obj</name>
      </input_file>
      <input_file id="fl-4">
         <path>.\src\bsp\</path>
         <kind>object</kind>
         <file>drv_spi.obj</file>
         <name>drv_spi.obj</name>
      </input_file>
      <input_file id="fl-5">
         <path>.\src\bsp\</path>
         <kind>object</kind>
         <file>drv_usb.obj</file>
         <name>drv_usb.obj</name>
      </input_file>
      <input_file id="fl-6">
         <path>.\src\</path>
         <kind>object</kind>
         <file>main.obj</file>
         <name>main.obj</name>
      </input_file>
      <input_file id="fl-c">
         <kind>object</kind>
         <file>&lt;internal&gt;</file>
         <name>&lt;internal&gt;</name>
      </input_file>
      <input_file id="fl-d">
         <path>C:\ti\c2000\C2000Ware_3_03_00_00\device_support\f2802x\common\ccs\Debug\</path>
         <kind>archive</kind>
         <file>driverlib.lib</file>
         <name>clk.obj</name>
      </input_file>
      <input_file id="fl-e">
         <path>C:\ti\c2000\C2000Ware_3_03_00_00\device_support\f2802x\common\ccs\Debug\</path>
         <kind>archive</kind>
         <file>driverlib.lib</file>
         <name>cpu.obj</name>
      </input_file>
      <input_file id="fl-f">
         <path>C:\ti\c2000\C2000Ware_3_03_00_00\device_support\f2802x\common\ccs\Debug\</path>
         <kind>archive</kind>
         <file>driverlib.lib</file>
         <name>f2802xx_asmfuncs.obj</name>
      </input_file>
      <input_file id="fl-10">
         <path>C:\ti\c2000\C2000Ware_3_03_00_00\device_support\f2802x\common\ccs\Debug\</path>
         <kind>archive</kind>
         <file>driverlib.lib</file>
         <name>f2802xx_codestartbranch.obj</name>
      </input_file>
      <input_file id="fl-11">
         <path>C:\ti\c2000\C2000Ware_3_03_00_00\device_support\f2802x\common\ccs\Debug\</path>
         <kind>archive</kind>
         <file>driverlib.lib</file>
         <name>gpio.obj</name>
      </input_file>
      <input_file id="fl-12">
         <path>C:\ti\c2000\C2000Ware_3_03_00_00\device_support\f2802x\common\ccs\Debug\</path>
         <kind>archive</kind>
         <file>driverlib.lib</file>
         <name>pie.obj</name>
      </input_file>
      <input_file id="fl-13">
         <path>C:\ti\c2000\C2000Ware_3_03_00_00\device_support\f2802x\common\ccs\Debug\</path>
         <kind>archive</kind>
         <file>driverlib.lib</file>
         <name>pll.obj</name>
      </input_file>
      <input_file id="fl-14">
         <path>C:\ti\c2000\C2000Ware_3_03_00_00\device_support\f2802x\common\ccs\Debug\</path>
         <kind>archive</kind>
         <file>driverlib.lib</file>
         <name>sci.obj</name>
      </input_file>
      <input_file id="fl-15">
         <path>C:\ti\c2000\C2000Ware_3_03_00_00\device_support\f2802x\common\ccs\Debug\</path>
         <kind>archive</kind>
         <file>driverlib.lib</file>
         <name>spi.obj</name>
      </input_file>
      <input_file id="fl-16">
         <path>C:\ti\c2000\C2000Ware_3_03_00_00\device_support\f2802x\common\ccs\Debug\</path>
         <kind>archive</kind>
         <file>driverlib.lib</file>
         <name>wdog.obj</name>
      </input_file>
      <input_file id="fl-17">
         <path>C:\ti\c2000\C2000Ware_3_03_00_00\device_support\f2802x\common\ccs\Debug\</path>
         <kind>archive</kind>
         <file>driverlib.lib</file>
         <name>f2802xx_defaultisr.obj</name>
      </input_file>
      <input_file id="fl-23">
         <path>C:\ti\ccs1011\ccs\tools\compiler\ti-cgt-c2000_20.2.1.LTS\lib\</path>
         <kind>archive</kind>
         <file>rts2800_ml.lib</file>
         <name>boot28.asm.obj</name>
      </input_file>
      <input_file id="fl-24">
         <path>C:\ti\ccs1011\ccs\tools\compiler\ti-cgt-c2000_20.2.1.LTS\lib\</path>
         <kind>archive</kind>
         <file>rts2800_ml.lib</file>
         <name>cpy_tbl.c.obj</name>
      </input_file>
      <input_file id="fl-25">
         <path>C:\ti\ccs1011\ccs\tools\compiler\ti-cgt-c2000_20.2.1.LTS\lib\</path>
         <kind>archive</kind>
         <file>rts2800_ml.lib</file>
         <name>memcpy.c.obj</name>
      </input_file>
      <input_file id="fl-26">
         <path>C:\ti\ccs1011\ccs\tools\compiler\ti-cgt-c2000_20.2.1.LTS\lib\</path>
         <kind>archive</kind>
         <file>rts2800_ml.lib</file>
         <name>pre_init.c.obj</name>
      </input_file>
      <input_file id="fl-27">
         <path>C:\ti\ccs1011\ccs\tools\compiler\ti-cgt-c2000_20.2.1.LTS\lib\</path>
         <kind>archive</kind>
         <file>rts2800_ml.lib</file>
         <name>startup.c.obj</name>
      </input_file>
      <input_file id="fl-28">
         <path>C:\ti\ccs1011\ccs\tools\compiler\ti-cgt-c2000_20.2.1.LTS\lib\</path>
         <kind>archive</kind>
         <file>rts2800_ml.lib</file>
         <name>exit.c.obj</name>
      </input_file>
      <input_file id="fl-29">
         <path>C:\ti\ccs1011\ccs\tools\compiler\ti-cgt-c2000_20.2.1.LTS\lib\</path>
         <kind>archive</kind>
         <file>rts2800_ml.lib</file>
         <name>_lock.c.obj</name>
      </input_file>
      <input_file id="fl-2a">
         <path>C:\ti\ccs1011\ccs\tools\compiler\ti-cgt-c2000_20.2.1.LTS\lib\</path>
         <kind>archive</kind>
         <file>rts2800_ml.lib</file>
         <name>args_main.c.obj</name>
      </input_file>
   </input_file_list>
   <object_component_list>
      <object_component id="oc-36">
         <name>codestart</name>
         <load_address>0x3f7ff6</load_address>
         <run_address>0x3f7ff6</run_address>
         <size>0x2</size>
         <input_file_ref idref="fl-10"/>
      </object_component>
      <object_component id="oc-61">
         <name>ramfuncs</name>
         <load_address>0x3f7000</load_address>
         <run_address>0x50</run_address>
         <size>0x4</size>
         <input_file_ref idref="fl-f"/>
      </object_component>
      <object_component id="oc-de">
         <name>.cinit</name>
         <load_address>0x3f7826</load_address>
         <run_address>0x3f7826</run_address>
         <size>0xe</size>
         <input_file_ref idref="fl-28"/>
      </object_component>
      <object_component id="oc-f6">
         <name>.cinit:__lock</name>
         <load_address>0x3f7834</load_address>
         <run_address>0x3f7834</run_address>
         <size>0x5</size>
         <input_file_ref idref="fl-29"/>
      </object_component>
      <object_component id="oc-fc">
         <name>.cinit:__unlock</name>
         <load_address>0x3f7839</load_address>
         <run_address>0x3f7839</run_address>
         <size>0x5</size>
         <input_file_ref idref="fl-29"/>
      </object_component>
      <object_component id="oc-43">
         <name>.cinit</name>
         <load_address>0x3f783e</load_address>
         <run_address>0x3f783e</run_address>
         <size>0x4</size>
         <input_file_ref idref="fl-4"/>
      </object_component>
      <object_component id="oc-f9">
         <name>.text</name>
         <load_address>0x3f7004</load_address>
         <run_address>0x3f7004</run_address>
         <size>0xbf</size>
         <input_file_ref idref="fl-5"/>
      </object_component>
      <object_component id="oc-fa">
         <name>.text</name>
         <load_address>0x3f70c3</load_address>
         <run_address>0x3f70c3</run_address>
         <size>0xaf</size>
         <input_file_ref idref="fl-4"/>
      </object_component>
      <object_component id="oc-f8">
         <name>.text</name>
         <load_address>0x3f7172</load_address>
         <run_address>0x3f7172</run_address>
         <size>0x85</size>
         <input_file_ref idref="fl-3"/>
      </object_component>
      <object_component id="oc-f7">
         <name>.text</name>
         <load_address>0x3f71f7</load_address>
         <run_address>0x3f71f7</run_address>
         <size>0x7c</size>
         <input_file_ref idref="fl-2"/>
      </object_component>
      <object_component id="oc-c2">
         <name>.text</name>
         <load_address>0x3f7273</load_address>
         <run_address>0x3f7273</run_address>
         <size>0x54</size>
         <input_file_ref idref="fl-23"/>
      </object_component>
      <object_component id="oc-f4">
         <name>.text</name>
         <load_address>0x3f72c7</load_address>
         <run_address>0x3f72c7</run_address>
         <size>0x50</size>
         <input_file_ref idref="fl-6"/>
      </object_component>
      <object_component id="oc-10f">
         <name>.text:_GPIO_setMode</name>
         <load_address>0x3f7317</load_address>
         <run_address>0x3f7317</run_address>
         <size>0x48</size>
         <input_file_ref idref="fl-11"/>
      </object_component>
      <object_component id="oc-110">
         <name>.text:_GPIO_setDirection</name>
         <load_address>0x3f735f</load_address>
         <run_address>0x3f735f</run_address>
         <size>0x29</size>
         <input_file_ref idref="fl-11"/>
      </object_component>
      <object_component id="oc-114">
         <name>.text:_GPIO_setPullUp</name>
         <load_address>0x3f7388</load_address>
         <run_address>0x3f7388</run_address>
         <size>0x29</size>
         <input_file_ref idref="fl-11"/>
      </object_component>
      <object_component id="oc-f2">
         <name>.text</name>
         <load_address>0x3f73b1</load_address>
         <run_address>0x3f73b1</run_address>
         <size>0x29</size>
         <input_file_ref idref="fl-28"/>
      </object_component>
      <object_component id="oc-115">
         <name>.text:_GPIO_setQualification</name>
         <load_address>0x3f73da</load_address>
         <run_address>0x3f73da</run_address>
         <size>0x27</size>
         <input_file_ref idref="fl-11"/>
      </object_component>
      <object_component id="oc-ef">
         <name>.text</name>
         <load_address>0x3f7401</load_address>
         <run_address>0x3f7401</run_address>
         <size>0x24</size>
         <input_file_ref idref="fl-24"/>
      </object_component>
      <object_component id="oc-f3">
         <name>.text</name>
         <load_address>0x3f7425</load_address>
         <run_address>0x3f7425</run_address>
         <size>0x1d</size>
         <input_file_ref idref="fl-25"/>
      </object_component>
      <object_component id="oc-105">
         <name>.text:_PLL_setup</name>
         <load_address>0x3f7442</load_address>
         <run_address>0x3f7442</run_address>
         <size>0x15</size>
         <input_file_ref idref="fl-13"/>
      </object_component>
      <object_component id="oc-111">
         <name>.text:_GPIO_setHigh</name>
         <load_address>0x3f7457</load_address>
         <run_address>0x3f7457</run_address>
         <size>0x14</size>
         <input_file_ref idref="fl-11"/>
      </object_component>
      <object_component id="oc-112">
         <name>.text:_GPIO_setLow</name>
         <load_address>0x3f746b</load_address>
         <run_address>0x3f746b</run_address>
         <size>0x14</size>
         <input_file_ref idref="fl-11"/>
      </object_component>
      <object_component id="oc-107">
         <name>.text:_PIE_disableAllInts</name>
         <load_address>0x3f747f</load_address>
         <run_address>0x3f747f</run_address>
         <size>0x11</size>
         <input_file_ref idref="fl-12"/>
      </object_component>
      <object_component id="oc-10d">
         <name>.text:_PIE_setDebugIntVectorTable</name>
         <load_address>0x3f7490</load_address>
         <run_address>0x3f7490</run_address>
         <size>0x11</size>
         <input_file_ref idref="fl-12"/>
      </object_component>
      <object_component id="oc-f1">
         <name>.text</name>
         <load_address>0x3f74a1</load_address>
         <run_address>0x3f74a1</run_address>
         <size>0x11</size>
         <input_file_ref idref="fl-2a"/>
      </object_component>
      <object_component id="oc-102">
         <name>.text:_PIE_init</name>
         <load_address>0x3f74b2</load_address>
         <run_address>0x3f74b2</run_address>
         <size>0xa</size>
         <input_file_ref idref="fl-12"/>
      </object_component>
      <object_component id="oc-122">
         <name>.text:_SCI_resetChannels</name>
         <load_address>0x3f74bc</load_address>
         <run_address>0x3f74bc</run_address>
         <size>0xa</size>
         <input_file_ref idref="fl-14"/>
      </object_component>
      <object_component id="oc-124">
         <name>.text:_SCI_resetRxFifo</name>
         <load_address>0x3f74c6</load_address>
         <run_address>0x3f74c6</run_address>
         <size>0xa</size>
         <input_file_ref idref="fl-14"/>
      </object_component>
      <object_component id="oc-120">
         <name>.text:_SCI_resetTxFifo</name>
         <load_address>0x3f74d0</load_address>
         <run_address>0x3f74d0</run_address>
         <size>0xa</size>
         <input_file_ref idref="fl-14"/>
      </object_component>
      <object_component id="oc-136">
         <name>.text:_SPI_resetRxFifo</name>
         <load_address>0x3f74da</load_address>
         <run_address>0x3f74da</run_address>
         <size>0xa</size>
         <input_file_ref idref="fl-15"/>
      </object_component>
      <object_component id="oc-134">
         <name>.text:_SPI_resetTxFifo</name>
         <load_address>0x3f74e4</load_address>
         <run_address>0x3f74e4</run_address>
         <size>0xa</size>
         <input_file_ref idref="fl-15"/>
      </object_component>
      <object_component id="oc-60">
         <name>.text</name>
         <load_address>0x3f74ee</load_address>
         <run_address>0x3f74ee</run_address>
         <size>0xa</size>
         <input_file_ref idref="fl-f"/>
      </object_component>
      <object_component id="oc-10b">
         <name>.text:_CLK_enableSciaClock</name>
         <load_address>0x3f74f8</load_address>
         <run_address>0x3f74f8</run_address>
         <size>0x9</size>
         <input_file_ref idref="fl-d"/>
      </object_component>
      <object_component id="oc-128">
         <name>.text:_SCI_putDataBlocking</name>
         <load_address>0x3f7501</load_address>
         <run_address>0x3f7501</run_address>
         <size>0x9</size>
         <input_file_ref idref="fl-14"/>
      </object_component>
      <object_component id="oc-fb">
         <name>.text</name>
         <load_address>0x3f750a</load_address>
         <run_address>0x3f750a</run_address>
         <size>0x9</size>
         <input_file_ref idref="fl-29"/>
      </object_component>
      <object_component id="oc-ff">
         <name>.text:_CLK_init</name>
         <load_address>0x3f7513</load_address>
         <run_address>0x3f7513</run_address>
         <size>0x8</size>
         <input_file_ref idref="fl-d"/>
      </object_component>
      <object_component id="oc-10a">
         <name>.text:_GPIO_init</name>
         <load_address>0x3f751b</load_address>
         <run_address>0x3f751b</run_address>
         <size>0x8</size>
         <input_file_ref idref="fl-11"/>
      </object_component>
      <object_component id="oc-100">
         <name>.text:_PLL_init</name>
         <load_address>0x3f7523</load_address>
         <run_address>0x3f7523</run_address>
         <size>0x8</size>
         <input_file_ref idref="fl-13"/>
      </object_component>
      <object_component id="oc-113">
         <name>.text:_SCI_init</name>
         <load_address>0x3f752b</load_address>
         <run_address>0x3f752b</run_address>
         <size>0x8</size>
         <input_file_ref idref="fl-14"/>
      </object_component>
      <object_component id="oc-129">
         <name>.text:_SPI_init</name>
         <load_address>0x3f7533</load_address>
         <run_address>0x3f7533</run_address>
         <size>0x8</size>
         <input_file_ref idref="fl-15"/>
      </object_component>
      <object_component id="oc-fe">
         <name>.text:_WDOG_disable</name>
         <load_address>0x3f753b</load_address>
         <run_address>0x3f753b</run_address>
         <size>0x8</size>
         <input_file_ref idref="fl-16"/>
      </object_component>
      <object_component id="oc-fd">
         <name>.text:_WDOG_init</name>
         <load_address>0x3f7543</load_address>
         <run_address>0x3f7543</run_address>
         <size>0x8</size>
         <input_file_ref idref="fl-16"/>
      </object_component>
      <object_component id="oc-66">
         <name>.text</name>
         <load_address>0x3f754b</load_address>
         <run_address>0x3f754b</run_address>
         <size>0x8</size>
         <input_file_ref idref="fl-10"/>
      </object_component>
      <object_component id="oc-103">
         <name>.text:_CLK_enableAdcClock</name>
         <load_address>0x3f7553</load_address>
         <run_address>0x3f7553</run_address>
         <size>0x7</size>
         <input_file_ref idref="fl-d"/>
      </object_component>
      <object_component id="oc-10c">
         <name>.text:_CLK_enableSpiaClock</name>
         <load_address>0x3f755a</load_address>
         <run_address>0x3f755a</run_address>
         <size>0x7</size>
         <input_file_ref idref="fl-d"/>
      </object_component>
      <object_component id="oc-104">
         <name>.text:_CLK_setOscSrc</name>
         <load_address>0x3f7561</load_address>
         <run_address>0x3f7561</run_address>
         <size>0x7</size>
         <input_file_ref idref="fl-d"/>
      </object_component>
      <object_component id="oc-13b">
         <name>.text:_PLL_setDivider</name>
         <load_address>0x3f7568</load_address>
         <run_address>0x3f7568</run_address>
         <size>0x7</size>
         <input_file_ref idref="fl-13"/>
      </object_component>
      <object_component id="oc-126">
         <name>.text:_SCI_setRxFifoIntLevel</name>
         <load_address>0x3f756f</load_address>
         <run_address>0x3f756f</run_address>
         <size>0x7</size>
         <input_file_ref idref="fl-14"/>
      </object_component>
      <object_component id="oc-123">
         <name>.text:_SCI_setTxFifoIntLevel</name>
         <load_address>0x3f7576</load_address>
         <run_address>0x3f7576</run_address>
         <size>0x7</size>
         <input_file_ref idref="fl-14"/>
      </object_component>
      <object_component id="oc-131">
         <name>.text:_SPI_setPriority</name>
         <load_address>0x3f757d</load_address>
         <run_address>0x3f757d</run_address>
         <size>0x7</size>
         <input_file_ref idref="fl-15"/>
      </object_component>
      <object_component id="oc-138">
         <name>.text:_SPI_setRxFifoIntLevel</name>
         <load_address>0x3f7584</load_address>
         <run_address>0x3f7584</run_address>
         <size>0x7</size>
         <input_file_ref idref="fl-15"/>
      </object_component>
      <object_component id="oc-13c">
         <name>.text:_PLL_setMultiplier</name>
         <load_address>0x3f758b</load_address>
         <run_address>0x3f758b</run_address>
         <size>0x6</size>
         <input_file_ref idref="fl-13"/>
      </object_component>
      <object_component id="oc-119">
         <name>.text:_SCI_setBaudRate</name>
         <load_address>0x3f7591</load_address>
         <run_address>0x3f7591</run_address>
         <size>0x6</size>
         <input_file_ref idref="fl-14"/>
      </object_component>
      <object_component id="oc-9e">
         <name>.text:_ADCINT1_ISR</name>
         <load_address>0x3f7597</load_address>
         <run_address>0x3f7597</run_address>
         <size>0x5</size>
         <input_file_ref idref="fl-17"/>
      </object_component>
      <object_component id="oc-9f">
         <name>.text:_ADCINT2_ISR</name>
         <load_address>0x3f759c</load_address>
         <run_address>0x3f759c</run_address>
         <size>0x5</size>
         <input_file_ref idref="fl-17"/>
      </object_component>
      <object_component id="oc-b4">
         <name>.text:_ADCINT3_ISR</name>
         <load_address>0x3f75a1</load_address>
         <run_address>0x3f75a1</run_address>
         <size>0x5</size>
         <input_file_ref idref="fl-17"/>
      </object_component>
      <object_component id="oc-b5">
         <name>.text:_ADCINT4_ISR</name>
         <load_address>0x3f75a6</load_address>
         <run_address>0x3f75a6</run_address>
         <size>0x5</size>
         <input_file_ref idref="fl-17"/>
      </object_component>
      <object_component id="oc-b6">
         <name>.text:_ADCINT5_ISR</name>
         <load_address>0x3f75ab</load_address>
         <run_address>0x3f75ab</run_address>
         <size>0x5</size>
         <input_file_ref idref="fl-17"/>
      </object_component>
      <object_component id="oc-b7">
         <name>.text:_ADCINT6_ISR</name>
         <load_address>0x3f75b0</load_address>
         <run_address>0x3f75b0</run_address>
         <size>0x5</size>
         <input_file_ref idref="fl-17"/>
      </object_component>
      <object_component id="oc-b8">
         <name>.text:_ADCINT7_ISR</name>
         <load_address>0x3f75b5</load_address>
         <run_address>0x3f75b5</run_address>
         <size>0x5</size>
         <input_file_ref idref="fl-17"/>
      </object_component>
      <object_component id="oc-b9">
         <name>.text:_ADCINT8_ISR</name>
         <load_address>0x3f75ba</load_address>
         <run_address>0x3f75ba</run_address>
         <size>0x5</size>
         <input_file_ref idref="fl-17"/>
      </object_component>
      <object_component id="oc-a2">
         <name>.text:_ADCINT9_ISR</name>
         <load_address>0x3f75bf</load_address>
         <run_address>0x3f75bf</run_address>
         <size>0x5</size>
         <input_file_ref idref="fl-17"/>
      </object_component>
      <object_component id="oc-8d">
         <name>.text:_DATALOG_ISR</name>
         <load_address>0x3f75c4</load_address>
         <run_address>0x3f75c4</run_address>
         <size>0x5</size>
         <input_file_ref idref="fl-17"/>
      </object_component>
      <object_component id="oc-ad">
         <name>.text:_ECAP1_INT_ISR</name>
         <load_address>0x3f75c9</load_address>
         <run_address>0x3f75c9</run_address>
         <size>0x5</size>
         <input_file_ref idref="fl-17"/>
      </object_component>
      <object_component id="oc-bb">
         <name>.text:_EMPTY_ISR</name>
         <load_address>0x3f75ce</load_address>
         <run_address>0x3f75ce</run_address>
         <size>0x5</size>
         <input_file_ref idref="fl-17"/>
      </object_component>
      <object_component id="oc-8f">
         <name>.text:_EMUINT_ISR</name>
         <load_address>0x3f75d3</load_address>
         <run_address>0x3f75d3</run_address>
         <size>0x5</size>
         <input_file_ref idref="fl-17"/>
      </object_component>
      <object_component id="oc-a9">
         <name>.text:_EPWM1_INT_ISR</name>
         <load_address>0x3f75d8</load_address>
         <run_address>0x3f75d8</run_address>
         <size>0x5</size>
         <input_file_ref idref="fl-17"/>
      </object_component>
      <object_component id="oc-a5">
         <name>.text:_EPWM1_TZINT_ISR</name>
         <load_address>0x3f75dd</load_address>
         <run_address>0x3f75dd</run_address>
         <size>0x5</size>
         <input_file_ref idref="fl-17"/>
      </object_component>
      <object_component id="oc-aa">
         <name>.text:_EPWM2_INT_ISR</name>
         <load_address>0x3f75e2</load_address>
         <run_address>0x3f75e2</run_address>
         <size>0x5</size>
         <input_file_ref idref="fl-17"/>
      </object_component>
      <object_component id="oc-a6">
         <name>.text:_EPWM2_TZINT_ISR</name>
         <load_address>0x3f75e7</load_address>
         <run_address>0x3f75e7</run_address>
         <size>0x5</size>
         <input_file_ref idref="fl-17"/>
      </object_component>
      <object_component id="oc-ab">
         <name>.text:_EPWM3_INT_ISR</name>
         <load_address>0x3f75ec</load_address>
         <run_address>0x3f75ec</run_address>
         <size>0x5</size>
         <input_file_ref idref="fl-17"/>
      </object_component>
      <object_component id="oc-a7">
         <name>.text:_EPWM3_TZINT_ISR</name>
         <load_address>0x3f75f1</load_address>
         <run_address>0x3f75f1</run_address>
         <size>0x5</size>
         <input_file_ref idref="fl-17"/>
      </object_component>
      <object_component id="oc-ac">
         <name>.text:_EPWM4_INT_ISR</name>
         <load_address>0x3f75f6</load_address>
         <run_address>0x3f75f6</run_address>
         <size>0x5</size>
         <input_file_ref idref="fl-17"/>
      </object_component>
      <object_component id="oc-a8">
         <name>.text:_EPWM4_TZINT_ISR</name>
         <load_address>0x3f75fb</load_address>
         <run_address>0x3f75fb</run_address>
         <size>0x5</size>
         <input_file_ref idref="fl-17"/>
      </object_component>
      <object_component id="oc-b0">
         <name>.text:_I2CINT1A_ISR</name>
         <load_address>0x3f7600</load_address>
         <run_address>0x3f7600</run_address>
         <size>0x5</size>
         <input_file_ref idref="fl-17"/>
      </object_component>
      <object_component id="oc-b1">
         <name>.text:_I2CINT2A_ISR</name>
         <load_address>0x3f7605</load_address>
         <run_address>0x3f7605</run_address>
         <size>0x5</size>
         <input_file_ref idref="fl-17"/>
      </object_component>
      <object_component id="oc-91">
         <name>.text:_ILLEGAL_ISR</name>
         <load_address>0x3f760a</load_address>
         <run_address>0x3f760a</run_address>
         <size>0x5</size>
         <input_file_ref idref="fl-17"/>
      </object_component>
      <object_component id="oc-8b">
         <name>.text:_INT13_ISR</name>
         <load_address>0x3f760f</load_address>
         <run_address>0x3f760f</run_address>
         <size>0x5</size>
         <input_file_ref idref="fl-17"/>
      </object_component>
      <object_component id="oc-8c">
         <name>.text:_INT14_ISR</name>
         <load_address>0x3f7614</load_address>
         <run_address>0x3f7614</run_address>
         <size>0x5</size>
         <input_file_ref idref="fl-17"/>
      </object_component>
      <object_component id="oc-90">
         <name>.text:_NMI_ISR</name>
         <load_address>0x3f7619</load_address>
         <run_address>0x3f7619</run_address>
         <size>0x5</size>
         <input_file_ref idref="fl-17"/>
      </object_component>
      <object_component id="oc-bc">
         <name>.text:_PIE_RESERVED</name>
         <load_address>0x3f761e</load_address>
         <run_address>0x3f761e</run_address>
         <size>0x5</size>
         <input_file_ref idref="fl-17"/>
      </object_component>
      <object_component id="oc-71">
         <name>.text:_PIE_illegalIsr</name>
         <load_address>0x3f7623</load_address>
         <run_address>0x3f7623</run_address>
         <size>0x5</size>
         <input_file_ref idref="fl-12"/>
      </object_component>
      <object_component id="oc-8e">
         <name>.text:_RTOSINT_ISR</name>
         <load_address>0x3f7628</load_address>
         <run_address>0x3f7628</run_address>
         <size>0x5</size>
         <input_file_ref idref="fl-17"/>
      </object_component>
      <object_component id="oc-b2">
         <name>.text:_SCIRXINTA_ISR</name>
         <load_address>0x3f762d</load_address>
         <run_address>0x3f762d</run_address>
         <size>0x5</size>
         <input_file_ref idref="fl-17"/>
      </object_component>
      <object_component id="oc-b3">
         <name>.text:_SCITXINTA_ISR</name>
         <load_address>0x3f7632</load_address>
         <run_address>0x3f7632</run_address>
         <size>0x5</size>
         <input_file_ref idref="fl-17"/>
      </object_component>
      <object_component id="oc-ae">
         <name>.text:_SPIRXINTA_ISR</name>
         <load_address>0x3f7637</load_address>
         <run_address>0x3f7637</run_address>
         <size>0x5</size>
         <input_file_ref idref="fl-17"/>
      </object_component>
      <object_component id="oc-af">
         <name>.text:_SPITXINTA_ISR</name>
         <load_address>0x3f763c</load_address>
         <run_address>0x3f763c</run_address>
         <size>0x5</size>
         <input_file_ref idref="fl-17"/>
      </object_component>
      <object_component id="oc-a3">
         <name>.text:_TINT0_ISR</name>
         <load_address>0x3f7641</load_address>
         <run_address>0x3f7641</run_address>
         <size>0x5</size>
         <input_file_ref idref="fl-17"/>
      </object_component>
      <object_component id="oc-9b">
         <name>.text:_USER10_ISR</name>
         <load_address>0x3f7646</load_address>
         <run_address>0x3f7646</run_address>
         <size>0x5</size>
         <input_file_ref idref="fl-17"/>
      </object_component>
      <object_component id="oc-9c">
         <name>.text:_USER11_ISR</name>
         <load_address>0x3f764b</load_address>
         <run_address>0x3f764b</run_address>
         <size>0x5</size>
         <input_file_ref idref="fl-17"/>
      </object_component>
      <object_component id="oc-9d">
         <name>.text:_USER12_ISR</name>
         <load_address>0x3f7650</load_address>
         <run_address>0x3f7650</run_address>
         <size>0x5</size>
         <input_file_ref idref="fl-17"/>
      </object_component>
      <object_component id="oc-92">
         <name>.text:_USER1_ISR</name>
         <load_address>0x3f7655</load_address>
         <run_address>0x3f7655</run_address>
         <size>0x5</size>
         <input_file_ref idref="fl-17"/>
      </object_component>
      <object_component id="oc-93">
         <name>.text:_USER2_ISR</name>
         <load_address>0x3f765a</load_address>
         <run_address>0x3f765a</run_address>
         <size>0x5</size>
         <input_file_ref idref="fl-17"/>
      </object_component>
      <object_component id="oc-94">
         <name>.text:_USER3_ISR</name>
         <load_address>0x3f765f</load_address>
         <run_address>0x3f765f</run_address>
         <size>0x5</size>
         <input_file_ref idref="fl-17"/>
      </object_component>
      <object_component id="oc-95">
         <name>.text:_USER4_ISR</name>
         <load_address>0x3f7664</load_address>
         <run_address>0x3f7664</run_address>
         <size>0x5</size>
         <input_file_ref idref="fl-17"/>
      </object_component>
      <object_component id="oc-96">
         <name>.text:_USER5_ISR</name>
         <load_address>0x3f7669</load_address>
         <run_address>0x3f7669</run_address>
         <size>0x5</size>
         <input_file_ref idref="fl-17"/>
      </object_component>
      <object_component id="oc-97">
         <name>.text:_USER6_ISR</name>
         <load_address>0x3f766e</load_address>
         <run_address>0x3f766e</run_address>
         <size>0x5</size>
         <input_file_ref idref="fl-17"/>
      </object_component>
      <object_component id="oc-98">
         <name>.text:_USER7_ISR</name>
         <load_address>0x3f7673</load_address>
         <run_address>0x3f7673</run_address>
         <size>0x5</size>
         <input_file_ref idref="fl-17"/>
      </object_component>
      <object_component id="oc-99">
         <name>.text:_USER8_ISR</name>
         <load_address>0x3f7678</load_address>
         <run_address>0x3f7678</run_address>
         <size>0x5</size>
         <input_file_ref idref="fl-17"/>
      </object_component>
      <object_component id="oc-9a">
         <name>.text:_USER9_ISR</name>
         <load_address>0x3f767d</load_address>
         <run_address>0x3f767d</run_address>
         <size>0x5</size>
         <input_file_ref idref="fl-17"/>
      </object_component>
      <object_component id="oc-a4">
         <name>.text:_WAKEINT_ISR</name>
         <load_address>0x3f7682</load_address>
         <run_address>0x3f7682</run_address>
         <size>0x5</size>
         <input_file_ref idref="fl-17"/>
      </object_component>
      <object_component id="oc-a0">
         <name>.text:_XINT1_ISR</name>
         <load_address>0x3f7687</load_address>
         <run_address>0x3f7687</run_address>
         <size>0x5</size>
         <input_file_ref idref="fl-17"/>
      </object_component>
      <object_component id="oc-a1">
         <name>.text:_XINT2_ISR</name>
         <load_address>0x3f768c</load_address>
         <run_address>0x3f768c</run_address>
         <size>0x5</size>
         <input_file_ref idref="fl-17"/>
      </object_component>
      <object_component id="oc-ba">
         <name>.text:_XINT3_ISR</name>
         <load_address>0x3f7691</load_address>
         <run_address>0x3f7691</run_address>
         <size>0x5</size>
         <input_file_ref idref="fl-17"/>
      </object_component>
      <object_component id="oc-bd">
         <name>.text:_rsvd_ISR</name>
         <load_address>0x3f7696</load_address>
         <run_address>0x3f7696</run_address>
         <size>0x5</size>
         <input_file_ref idref="fl-17"/>
      </object_component>
      <object_component id="oc-101">
         <name>.text:_CPU_init</name>
         <load_address>0x3f769b</load_address>
         <run_address>0x3f769b</run_address>
         <size>0x4</size>
         <input_file_ref idref="fl-e"/>
      </object_component>
      <object_component id="oc-125">
         <name>.text:_SCI_clearRxFifoInt</name>
         <load_address>0x3f769f</load_address>
         <run_address>0x3f769f</run_address>
         <size>0x4</size>
         <input_file_ref idref="fl-14"/>
      </object_component>
      <object_component id="oc-121">
         <name>.text:_SCI_clearTxFifoInt</name>
         <load_address>0x3f76a3</load_address>
         <run_address>0x3f76a3</run_address>
         <size>0x4</size>
         <input_file_ref idref="fl-14"/>
      </object_component>
      <object_component id="oc-11f">
         <name>.text:_SCI_enableFifoEnh</name>
         <load_address>0x3f76a7</load_address>
         <run_address>0x3f76a7</run_address>
         <size>0x4</size>
         <input_file_ref idref="fl-14"/>
      </object_component>
      <object_component id="oc-127">
         <name>.text:_SCI_getTxFifoStatus</name>
         <load_address>0x3f76ab</load_address>
         <run_address>0x3f76ab</run_address>
         <size>0x4</size>
         <input_file_ref idref="fl-14"/>
      </object_component>
      <object_component id="oc-118">
         <name>.text:_SCI_setCharLength</name>
         <load_address>0x3f76af</load_address>
         <run_address>0x3f76af</run_address>
         <size>0x4</size>
         <input_file_ref idref="fl-14"/>
      </object_component>
      <object_component id="oc-117">
         <name>.text:_SCI_setNumStopBits</name>
         <load_address>0x3f76b3</load_address>
         <run_address>0x3f76b3</run_address>
         <size>0x4</size>
         <input_file_ref idref="fl-14"/>
      </object_component>
      <object_component id="oc-137">
         <name>.text:_SPI_clearRxFifoInt</name>
         <load_address>0x3f76b7</load_address>
         <run_address>0x3f76b7</run_address>
         <size>0x4</size>
         <input_file_ref idref="fl-15"/>
      </object_component>
      <object_component id="oc-135">
         <name>.text:_SPI_clearTxFifoInt</name>
         <load_address>0x3f76bb</load_address>
         <run_address>0x3f76bb</run_address>
         <size>0x4</size>
         <input_file_ref idref="fl-15"/>
      </object_component>
      <object_component id="oc-132">
         <name>.text:_SPI_enableChannels</name>
         <load_address>0x3f76bf</load_address>
         <run_address>0x3f76bf</run_address>
         <size>0x4</size>
         <input_file_ref idref="fl-15"/>
      </object_component>
      <object_component id="oc-133">
         <name>.text:_SPI_enableFifoEnh</name>
         <load_address>0x3f76c3</load_address>
         <run_address>0x3f76c3</run_address>
         <size>0x4</size>
         <input_file_ref idref="fl-15"/>
      </object_component>
      <object_component id="oc-12d">
         <name>.text:_SPI_setCharLength</name>
         <load_address>0x3f76c7</load_address>
         <run_address>0x3f76c7</run_address>
         <size>0x4</size>
         <input_file_ref idref="fl-15"/>
      </object_component>
      <object_component id="oc-12e">
         <name>.text:_SPI_setClkPolarity</name>
         <load_address>0x3f76cb</load_address>
         <run_address>0x3f76cb</run_address>
         <size>0x4</size>
         <input_file_ref idref="fl-15"/>
      </object_component>
      <object_component id="oc-109">
         <name>.text:_CPU_clearIntFlags</name>
         <load_address>0x3f76cf</load_address>
         <run_address>0x3f76cf</run_address>
         <size>0x3</size>
         <input_file_ref idref="fl-e"/>
      </object_component>
      <object_component id="oc-108">
         <name>.text:_CPU_disableGlobalInts</name>
         <load_address>0x3f76d2</load_address>
         <run_address>0x3f76d2</run_address>
         <size>0x3</size>
         <input_file_ref idref="fl-e"/>
      </object_component>
      <object_component id="oc-106">
         <name>.text:_PIE_disable</name>
         <load_address>0x3f76d5</load_address>
         <run_address>0x3f76d5</run_address>
         <size>0x3</size>
         <input_file_ref idref="fl-12"/>
      </object_component>
      <object_component id="oc-10e">
         <name>.text:_PIE_enable</name>
         <load_address>0x3f76d8</load_address>
         <run_address>0x3f76d8</run_address>
         <size>0x3</size>
         <input_file_ref idref="fl-12"/>
      </object_component>
      <object_component id="oc-13a">
         <name>.text:_PLL_getClkStatus</name>
         <load_address>0x3f76db</load_address>
         <run_address>0x3f76db</run_address>
         <size>0x3</size>
         <input_file_ref idref="fl-13"/>
      </object_component>
      <object_component id="oc-13d">
         <name>.text:_PLL_getLockStatus</name>
         <load_address>0x3f76de</load_address>
         <run_address>0x3f76de</run_address>
         <size>0x3</size>
         <input_file_ref idref="fl-13"/>
      </object_component>
      <object_component id="oc-116">
         <name>.text:_SCI_disableParity</name>
         <load_address>0x3f76e1</load_address>
         <run_address>0x3f76e1</run_address>
         <size>0x3</size>
         <input_file_ref idref="fl-14"/>
      </object_component>
      <object_component id="oc-11e">
         <name>.text:_SCI_enable</name>
         <load_address>0x3f76e4</load_address>
         <run_address>0x3f76e4</run_address>
         <size>0x3</size>
         <input_file_ref idref="fl-14"/>
      </object_component>
      <object_component id="oc-11b">
         <name>.text:_SCI_enableRx</name>
         <load_address>0x3f76e7</load_address>
         <run_address>0x3f76e7</run_address>
         <size>0x3</size>
         <input_file_ref idref="fl-14"/>
      </object_component>
      <object_component id="oc-11d">
         <name>.text:_SCI_enableRxInt</name>
         <load_address>0x3f76ea</load_address>
         <run_address>0x3f76ea</run_address>
         <size>0x3</size>
         <input_file_ref idref="fl-14"/>
      </object_component>
      <object_component id="oc-11a">
         <name>.text:_SCI_enableTx</name>
         <load_address>0x3f76ed</load_address>
         <run_address>0x3f76ed</run_address>
         <size>0x3</size>
         <input_file_ref idref="fl-14"/>
      </object_component>
      <object_component id="oc-11c">
         <name>.text:_SCI_enableTxInt</name>
         <load_address>0x3f76f0</load_address>
         <run_address>0x3f76f0</run_address>
         <size>0x3</size>
         <input_file_ref idref="fl-14"/>
      </object_component>
      <object_component id="oc-130">
         <name>.text:_SPI_enable</name>
         <load_address>0x3f76f3</load_address>
         <run_address>0x3f76f3</run_address>
         <size>0x3</size>
         <input_file_ref idref="fl-15"/>
      </object_component>
      <object_component id="oc-12b">
         <name>.text:_SPI_enableTx</name>
         <load_address>0x3f76f6</load_address>
         <run_address>0x3f76f6</run_address>
         <size>0x3</size>
         <input_file_ref idref="fl-15"/>
      </object_component>
      <object_component id="oc-12c">
         <name>.text:_SPI_setBaudRate</name>
         <load_address>0x3f76f9</load_address>
         <run_address>0x3f76f9</run_address>
         <size>0x2</size>
         <input_file_ref idref="fl-15"/>
      </object_component>
      <object_component id="oc-12f">
         <name>.text:_SPI_setClkPhase</name>
         <load_address>0x3f76fb</load_address>
         <run_address>0x3f76fb</run_address>
         <size>0x2</size>
         <input_file_ref idref="fl-15"/>
      </object_component>
      <object_component id="oc-12a">
         <name>.text:_SPI_setMode</name>
         <load_address>0x3f76fd</load_address>
         <run_address>0x3f76fd</run_address>
         <size>0x2</size>
         <input_file_ref idref="fl-15"/>
      </object_component>
      <object_component id="oc-ee">
         <name>.text</name>
         <load_address>0x3f76ff</load_address>
         <run_address>0x3f76ff</run_address>
         <size>0x2</size>
         <input_file_ref idref="fl-26"/>
      </object_component>
      <object_component id="oc-f0">
         <name>.text</name>
         <load_address>0x3f7701</load_address>
         <run_address>0x3f7701</run_address>
         <size>0x1</size>
         <input_file_ref idref="fl-27"/>
      </object_component>
      <object_component id="oc-c3">
         <name>.stack</name>
         <uninitialized>true</uninitialized>
         <run_address>0x400</run_address>
         <size>0x0</size>
         <input_file_ref idref="fl-23"/>
      </object_component>
      <object_component id="oc-17c">
         <name>.stack</name>
         <uninitialized>true</uninitialized>
         <run_address>0x400</run_address>
         <size>0x0</size>
      </object_component>
      <object_component id="oc-38">
         <name>.ebss</name>
         <uninitialized>true</uninitialized>
         <run_address>0x700</run_address>
         <size>0xc</size>
         <input_file_ref idref="fl-2"/>
      </object_component>
      <object_component id="oc-df">
         <name>.ebss</name>
         <uninitialized>true</uninitialized>
         <run_address>0x70c</run_address>
         <size>0x6</size>
         <input_file_ref idref="fl-28"/>
      </object_component>
      <object_component id="oc-44">
         <name>.ebss</name>
         <uninitialized>true</uninitialized>
         <run_address>0x712</run_address>
         <size>0x4</size>
         <input_file_ref idref="fl-4"/>
      </object_component>
      <object_component id="oc-f5">
         <name>.ebss:__lock</name>
         <uninitialized>true</uninitialized>
         <run_address>0x716</run_address>
         <size>0x2</size>
         <input_file_ref idref="fl-29"/>
      </object_component>
      <object_component id="oc-139">
         <name>.ebss:__unlock</name>
         <uninitialized>true</uninitialized>
         <run_address>0x718</run_address>
         <size>0x2</size>
         <input_file_ref idref="fl-29"/>
      </object_component>
      <object_component id="oc-4a">
         <name>.ebss</name>
         <uninitialized>true</uninitialized>
         <run_address>0x71a</run_address>
         <size>0x2</size>
         <input_file_ref idref="fl-5"/>
      </object_component>
      <object_component id="oc-5b">
         <name>.ebss</name>
         <uninitialized>true</uninitialized>
         <run_address>0x71c</run_address>
         <size>0x1</size>
         <input_file_ref idref="fl-e"/>
      </object_component>
      <object_component id="oc-13e">
         <name>.econst:_PIE_tableDebugInit</name>
         <load_address>0x3f7702</load_address>
         <run_address>0x3f7702</run_address>
         <size>0x100</size>
         <input_file_ref idref="fl-12"/>
      </object_component>
      <object_component id="oc-50">
         <name>.econst:.string</name>
         <load_address>0x3f7802</load_address>
         <run_address>0x3f7802</run_address>
         <size>0x24</size>
         <input_file_ref idref="fl-6"/>
      </object_component>
      <object_component id="oc-c4">
         <name>.reset</name>
         <load_address>0x3fffc0</load_address>
         <run_address>0x3fffc0</run_address>
         <size>0x2</size>
         <input_file_ref idref="fl-23"/>
      </object_component>
      <object_component id="oc-37">
         <name>.debug_info</name>
         <load_address>0x0</load_address>
         <run_address>0x0</run_address>
         <size>0x228d</size>
         <input_file_ref idref="fl-2"/>
      </object_component>
      <object_component id="oc-3d">
         <name>.debug_info</name>
         <load_address>0x228d</load_address>
         <run_address>0x228d</run_address>
         <size>0x1749</size>
         <input_file_ref idref="fl-3"/>
      </object_component>
      <object_component id="oc-42">
         <name>.debug_info</name>
         <load_address>0x39d6</load_address>
         <run_address>0x39d6</run_address>
         <size>0x1ff2</size>
         <input_file_ref idref="fl-4"/>
      </object_component>
      <object_component id="oc-49">
         <name>.debug_info</name>
         <load_address>0x59c8</load_address>
         <run_address>0x59c8</run_address>
         <size>0x2226</size>
         <input_file_ref idref="fl-5"/>
      </object_component>
      <object_component id="oc-4f">
         <name>.debug_info</name>
         <load_address>0x7bee</load_address>
         <run_address>0x7bee</run_address>
         <size>0x6af</size>
         <input_file_ref idref="fl-6"/>
      </object_component>
      <object_component id="oc-55">
         <name>.debug_info</name>
         <load_address>0x829d</load_address>
         <run_address>0x829d</run_address>
         <size>0xee7</size>
         <input_file_ref idref="fl-d"/>
      </object_component>
      <object_component id="oc-5a">
         <name>.debug_info</name>
         <load_address>0x9184</load_address>
         <run_address>0x9184</run_address>
         <size>0x78a</size>
         <input_file_ref idref="fl-e"/>
      </object_component>
      <object_component id="oc-62">
         <name>.debug_info</name>
         <load_address>0x990e</load_address>
         <run_address>0x990e</run_address>
         <size>0x1f9</size>
         <input_file_ref idref="fl-f"/>
      </object_component>
      <object_component id="oc-67">
         <name>.debug_info</name>
         <load_address>0x9b07</load_address>
         <run_address>0x9b07</run_address>
         <size>0x1eb</size>
         <input_file_ref idref="fl-10"/>
      </object_component>
      <object_component id="oc-6b">
         <name>.debug_info</name>
         <load_address>0x9cf2</load_address>
         <run_address>0x9cf2</run_address>
         <size>0x1e4e</size>
         <input_file_ref idref="fl-11"/>
      </object_component>
      <object_component id="oc-70">
         <name>.debug_info</name>
         <load_address>0xbb40</load_address>
         <run_address>0xbb40</run_address>
         <size>0x29b9</size>
         <input_file_ref idref="fl-12"/>
      </object_component>
      <object_component id="oc-76">
         <name>.debug_info</name>
         <load_address>0xe4f9</load_address>
         <run_address>0xe4f9</run_address>
         <size>0xd6c</size>
         <input_file_ref idref="fl-13"/>
      </object_component>
      <object_component id="oc-7b">
         <name>.debug_info</name>
         <load_address>0xf265</load_address>
         <run_address>0xf265</run_address>
         <size>0x1e0d</size>
         <input_file_ref idref="fl-14"/>
      </object_component>
      <object_component id="oc-80">
         <name>.debug_info</name>
         <load_address>0x11072</load_address>
         <run_address>0x11072</run_address>
         <size>0x1b0f</size>
         <input_file_ref idref="fl-15"/>
      </object_component>
      <object_component id="oc-85">
         <name>.debug_info</name>
         <load_address>0x12b81</load_address>
         <run_address>0x12b81</run_address>
         <size>0x7a9</size>
         <input_file_ref idref="fl-16"/>
      </object_component>
      <object_component id="oc-8a">
         <name>.debug_info</name>
         <load_address>0x1332a</load_address>
         <run_address>0x1332a</run_address>
         <size>0x2d3e</size>
         <input_file_ref idref="fl-17"/>
      </object_component>
      <object_component id="oc-c5">
         <name>.debug_info</name>
         <load_address>0x16068</load_address>
         <run_address>0x16068</run_address>
         <size>0x173</size>
         <input_file_ref idref="fl-23"/>
      </object_component>
      <object_component id="oc-c9">
         <name>.debug_info</name>
         <load_address>0x161db</load_address>
         <run_address>0x161db</run_address>
         <size>0x4fa</size>
         <input_file_ref idref="fl-24"/>
      </object_component>
      <object_component id="oc-ce">
         <name>.debug_info</name>
         <load_address>0x166d5</load_address>
         <run_address>0x166d5</run_address>
         <size>0x3d3</size>
         <input_file_ref idref="fl-25"/>
      </object_component>
      <object_component id="oc-d3">
         <name>.debug_info</name>
         <load_address>0x16aa8</load_address>
         <run_address>0x16aa8</run_address>
         <size>0x346</size>
         <input_file_ref idref="fl-26"/>
      </object_component>
      <object_component id="oc-d8">
         <name>.debug_info</name>
         <load_address>0x16dee</load_address>
         <run_address>0x16dee</run_address>
         <size>0x343</size>
         <input_file_ref idref="fl-27"/>
      </object_component>
      <object_component id="oc-dd">
         <name>.debug_info</name>
         <load_address>0x17131</load_address>
         <run_address>0x17131</run_address>
         <size>0x4dd</size>
         <input_file_ref idref="fl-28"/>
      </object_component>
      <object_component id="oc-e4">
         <name>.debug_info</name>
         <load_address>0x1760e</load_address>
         <run_address>0x1760e</run_address>
         <size>0x465</size>
         <input_file_ref idref="fl-29"/>
      </object_component>
      <object_component id="oc-e9">
         <name>.debug_info</name>
         <load_address>0x17a73</load_address>
         <run_address>0x17a73</run_address>
         <size>0x3ee</size>
         <input_file_ref idref="fl-2a"/>
      </object_component>
      <object_component id="oc-180">
         <name>.debug_info</name>
         <load_address>0x17e61</load_address>
         <run_address>0x17e61</run_address>
         <size>0xae</size>
      </object_component>
      <object_component id="oc-39">
         <name>.debug_frame</name>
         <load_address>0x0</load_address>
         <run_address>0x0</run_address>
         <size>0x98</size>
         <input_file_ref idref="fl-2"/>
      </object_component>
      <object_component id="oc-3e">
         <name>.debug_frame</name>
         <load_address>0x98</load_address>
         <run_address>0x98</run_address>
         <size>0xa8</size>
         <input_file_ref idref="fl-3"/>
      </object_component>
      <object_component id="oc-45">
         <name>.debug_frame</name>
         <load_address>0x140</load_address>
         <run_address>0x140</run_address>
         <size>0x38</size>
         <input_file_ref idref="fl-4"/>
      </object_component>
      <object_component id="oc-4b">
         <name>.debug_frame</name>
         <load_address>0x178</load_address>
         <run_address>0x178</run_address>
         <size>0x8c</size>
         <input_file_ref idref="fl-5"/>
      </object_component>
      <object_component id="oc-51">
         <name>.debug_frame</name>
         <load_address>0x204</load_address>
         <run_address>0x204</run_address>
         <size>0x3c</size>
         <input_file_ref idref="fl-6"/>
      </object_component>
      <object_component id="oc-56">
         <name>.debug_frame</name>
         <load_address>0x438</load_address>
         <run_address>0x438</run_address>
         <size>0xcb</size>
         <input_file_ref idref="fl-d"/>
      </object_component>
      <object_component id="oc-5c">
         <name>.debug_frame</name>
         <load_address>0x503</load_address>
         <run_address>0x503</run_address>
         <size>0xa1</size>
         <input_file_ref idref="fl-e"/>
      </object_component>
      <object_component id="oc-6c">
         <name>.debug_frame</name>
         <load_address>0x5a4</load_address>
         <run_address>0x5a4</run_address>
         <size>0xf5</size>
         <input_file_ref idref="fl-11"/>
      </object_component>
      <object_component id="oc-72">
         <name>.debug_frame</name>
         <load_address>0x699</load_address>
         <run_address>0x699</run_address>
         <size>0xe0</size>
         <input_file_ref idref="fl-12"/>
      </object_component>
      <object_component id="oc-77">
         <name>.debug_frame</name>
         <load_address>0x779</load_address>
         <run_address>0x779</run_address>
         <size>0xe0</size>
         <input_file_ref idref="fl-13"/>
      </object_component>
      <object_component id="oc-7c">
         <name>.debug_frame</name>
         <load_address>0x859</load_address>
         <run_address>0x859</run_address>
         <size>0x206</size>
         <input_file_ref idref="fl-14"/>
      </object_component>
      <object_component id="oc-81">
         <name>.debug_frame</name>
         <load_address>0xa5f</load_address>
         <run_address>0xa5f</run_address>
         <size>0x1b2</size>
         <input_file_ref idref="fl-15"/>
      </object_component>
      <object_component id="oc-86">
         <name>.debug_frame</name>
         <load_address>0xc11</load_address>
         <run_address>0xc11</run_address>
         <size>0x8c</size>
         <input_file_ref idref="fl-16"/>
      </object_component>
      <object_component id="oc-be">
         <name>.debug_frame</name>
         <load_address>0xc9d</load_address>
         <run_address>0xc9d</run_address>
         <size>0x491</size>
         <input_file_ref idref="fl-17"/>
      </object_component>
      <object_component id="oc-ca">
         <name>.debug_frame</name>
         <load_address>0x240</load_address>
         <run_address>0x240</run_address>
         <size>0x58</size>
         <input_file_ref idref="fl-24"/>
      </object_component>
      <object_component id="oc-cf">
         <name>.debug_frame</name>
         <load_address>0x298</load_address>
         <run_address>0x298</run_address>
         <size>0x38</size>
         <input_file_ref idref="fl-25"/>
      </object_component>
      <object_component id="oc-d4">
         <name>.debug_frame</name>
         <load_address>0x2d0</load_address>
         <run_address>0x2d0</run_address>
         <size>0x38</size>
         <input_file_ref idref="fl-26"/>
      </object_component>
      <object_component id="oc-d9">
         <name>.debug_frame</name>
         <load_address>0x308</load_address>
         <run_address>0x308</run_address>
         <size>0x38</size>
         <input_file_ref idref="fl-27"/>
      </object_component>
      <object_component id="oc-e0">
         <name>.debug_frame</name>
         <load_address>0x340</load_address>
         <run_address>0x340</run_address>
         <size>0x58</size>
         <input_file_ref idref="fl-28"/>
      </object_component>
      <object_component id="oc-e5">
         <name>.debug_frame</name>
         <load_address>0x398</load_address>
         <run_address>0x398</run_address>
         <size>0x68</size>
         <input_file_ref idref="fl-29"/>
      </object_component>
      <object_component id="oc-ea">
         <name>.debug_frame</name>
         <load_address>0x400</load_address>
         <run_address>0x400</run_address>
         <size>0x38</size>
         <input_file_ref idref="fl-2a"/>
      </object_component>
      <object_component id="oc-3a">
         <name>.debug_line</name>
         <load_address>0x0</load_address>
         <run_address>0x0</run_address>
         <size>0xbb</size>
         <input_file_ref idref="fl-2"/>
      </object_component>
      <object_component id="oc-3f">
         <name>.debug_line</name>
         <load_address>0xbb</load_address>
         <run_address>0xbb</run_address>
         <size>0xc0</size>
         <input_file_ref idref="fl-3"/>
      </object_component>
      <object_component id="oc-46">
         <name>.debug_line</name>
         <load_address>0x17b</load_address>
         <run_address>0x17b</run_address>
         <size>0x66</size>
         <input_file_ref idref="fl-4"/>
      </object_component>
      <object_component id="oc-4c">
         <name>.debug_line</name>
         <load_address>0x1e1</load_address>
         <run_address>0x1e1</run_address>
         <size>0x123</size>
         <input_file_ref idref="fl-5"/>
      </object_component>
      <object_component id="oc-52">
         <name>.debug_line</name>
         <load_address>0x304</load_address>
         <run_address>0x304</run_address>
         <size>0x5f</size>
         <input_file_ref idref="fl-6"/>
      </object_component>
      <object_component id="oc-57">
         <name>.debug_line</name>
         <load_address>0x363</load_address>
         <run_address>0x363</run_address>
         <size>0xff</size>
         <input_file_ref idref="fl-d"/>
      </object_component>
      <object_component id="oc-5d">
         <name>.debug_line</name>
         <load_address>0x462</load_address>
         <run_address>0x462</run_address>
         <size>0xb0</size>
         <input_file_ref idref="fl-e"/>
      </object_component>
      <object_component id="oc-63">
         <name>.debug_line</name>
         <load_address>0x512</load_address>
         <run_address>0x512</run_address>
         <size>0x9f</size>
         <input_file_ref idref="fl-f"/>
      </object_component>
      <object_component id="oc-68">
         <name>.debug_line</name>
         <load_address>0x5b1</load_address>
         <run_address>0x5b1</run_address>
         <size>0x9d</size>
         <input_file_ref idref="fl-10"/>
      </object_component>
      <object_component id="oc-6d">
         <name>.debug_line</name>
         <load_address>0x64e</load_address>
         <run_address>0x64e</run_address>
         <size>0x1ba</size>
         <input_file_ref idref="fl-11"/>
      </object_component>
      <object_component id="oc-73">
         <name>.debug_line</name>
         <load_address>0x808</load_address>
         <run_address>0x808</run_address>
         <size>0x120</size>
         <input_file_ref idref="fl-12"/>
      </object_component>
      <object_component id="oc-78">
         <name>.debug_line</name>
         <load_address>0x928</load_address>
         <run_address>0x928</run_address>
         <size>0x123</size>
         <input_file_ref idref="fl-13"/>
      </object_component>
      <object_component id="oc-7d">
         <name>.debug_line</name>
         <load_address>0xa4b</load_address>
         <run_address>0xa4b</run_address>
         <size>0x302</size>
         <input_file_ref idref="fl-14"/>
      </object_component>
      <object_component id="oc-82">
         <name>.debug_line</name>
         <load_address>0xd4d</load_address>
         <run_address>0xd4d</run_address>
         <size>0x22a</size>
         <input_file_ref idref="fl-15"/>
      </object_component>
      <object_component id="oc-87">
         <name>.debug_line</name>
         <load_address>0xf77</load_address>
         <run_address>0xf77</run_address>
         <size>0xa3</size>
         <input_file_ref idref="fl-16"/>
      </object_component>
      <object_component id="oc-bf">
         <name>.debug_line</name>
         <load_address>0x101a</load_address>
         <run_address>0x101a</run_address>
         <size>0x4fb</size>
         <input_file_ref idref="fl-17"/>
      </object_component>
      <object_component id="oc-c6">
         <name>.debug_line</name>
         <load_address>0x1515</load_address>
         <run_address>0x1515</run_address>
         <size>0x7d</size>
         <input_file_ref idref="fl-23"/>
      </object_component>
      <object_component id="oc-cb">
         <name>.debug_line</name>
         <load_address>0x1592</load_address>
         <run_address>0x1592</run_address>
         <size>0x50</size>
         <input_file_ref idref="fl-24"/>
      </object_component>
      <object_component id="oc-d0">
         <name>.debug_line</name>
         <load_address>0x15e2</load_address>
         <run_address>0x15e2</run_address>
         <size>0x62</size>
         <input_file_ref idref="fl-25"/>
      </object_component>
      <object_component id="oc-d5">
         <name>.debug_line</name>
         <load_address>0x1644</load_address>
         <run_address>0x1644</run_address>
         <size>0x3e</size>
         <input_file_ref idref="fl-26"/>
      </object_component>
      <object_component id="oc-da">
         <name>.debug_line</name>
         <load_address>0x1682</load_address>
         <run_address>0x1682</run_address>
         <size>0x3a</size>
         <input_file_ref idref="fl-27"/>
      </object_component>
      <object_component id="oc-e1">
         <name>.debug_line</name>
         <load_address>0x16bc</load_address>
         <run_address>0x16bc</run_address>
         <size>0x65</size>
         <input_file_ref idref="fl-28"/>
      </object_component>
      <object_component id="oc-e6">
         <name>.debug_line</name>
         <load_address>0x1721</load_address>
         <run_address>0x1721</run_address>
         <size>0x5e</size>
         <input_file_ref idref="fl-29"/>
      </object_component>
      <object_component id="oc-eb">
         <name>.debug_line</name>
         <load_address>0x177f</load_address>
         <run_address>0x177f</run_address>
         <size>0x4f</size>
         <input_file_ref idref="fl-2a"/>
      </object_component>
      <object_component id="oc-3b">
         <name>.debug_abbrev</name>
         <load_address>0x0</load_address>
         <run_address>0x0</run_address>
         <size>0x164</size>
         <input_file_ref idref="fl-2"/>
      </object_component>
      <object_component id="oc-40">
         <name>.debug_abbrev</name>
         <load_address>0x164</load_address>
         <run_address>0x164</run_address>
         <size>0x120</size>
         <input_file_ref idref="fl-3"/>
      </object_component>
      <object_component id="oc-47">
         <name>.debug_abbrev</name>
         <load_address>0x284</load_address>
         <run_address>0x284</run_address>
         <size>0x126</size>
         <input_file_ref idref="fl-4"/>
      </object_component>
      <object_component id="oc-4d">
         <name>.debug_abbrev</name>
         <load_address>0x3aa</load_address>
         <run_address>0x3aa</run_address>
         <size>0x17f</size>
         <input_file_ref idref="fl-5"/>
      </object_component>
      <object_component id="oc-53">
         <name>.debug_abbrev</name>
         <load_address>0x529</load_address>
         <run_address>0x529</run_address>
         <size>0xe2</size>
         <input_file_ref idref="fl-6"/>
      </object_component>
      <object_component id="oc-58">
         <name>.debug_abbrev</name>
         <load_address>0x60b</load_address>
         <run_address>0x60b</run_address>
         <size>0x174</size>
         <input_file_ref idref="fl-d"/>
      </object_component>
      <object_component id="oc-5e">
         <name>.debug_abbrev</name>
         <load_address>0x77f</load_address>
         <run_address>0x77f</run_address>
         <size>0x11b</size>
         <input_file_ref idref="fl-e"/>
      </object_component>
      <object_component id="oc-64">
         <name>.debug_abbrev</name>
         <load_address>0x89a</load_address>
         <run_address>0x89a</run_address>
         <size>0x2f</size>
         <input_file_ref idref="fl-f"/>
      </object_component>
      <object_component id="oc-69">
         <name>.debug_abbrev</name>
         <load_address>0x8c9</load_address>
         <run_address>0x8c9</run_address>
         <size>0x21</size>
         <input_file_ref idref="fl-10"/>
      </object_component>
      <object_component id="oc-6e">
         <name>.debug_abbrev</name>
         <load_address>0x8ea</load_address>
         <run_address>0x8ea</run_address>
         <size>0x16b</size>
         <input_file_ref idref="fl-11"/>
      </object_component>
      <object_component id="oc-74">
         <name>.debug_abbrev</name>
         <load_address>0xa55</load_address>
         <run_address>0xa55</run_address>
         <size>0x1d9</size>
         <input_file_ref idref="fl-12"/>
      </object_component>
      <object_component id="oc-79">
         <name>.debug_abbrev</name>
         <load_address>0xc2e</load_address>
         <run_address>0xc2e</run_address>
         <size>0x182</size>
         <input_file_ref idref="fl-13"/>
      </object_component>
      <object_component id="oc-7e">
         <name>.debug_abbrev</name>
         <load_address>0xdb0</load_address>
         <run_address>0xdb0</run_address>
         <size>0x174</size>
         <input_file_ref idref="fl-14"/>
      </object_component>
      <object_component id="oc-83">
         <name>.debug_abbrev</name>
         <load_address>0xf24</load_address>
         <run_address>0xf24</run_address>
         <size>0x14d</size>
         <input_file_ref idref="fl-15"/>
      </object_component>
      <object_component id="oc-88">
         <name>.debug_abbrev</name>
         <load_address>0x1071</load_address>
         <run_address>0x1071</run_address>
         <size>0x11d</size>
         <input_file_ref idref="fl-16"/>
      </object_component>
      <object_component id="oc-c0">
         <name>.debug_abbrev</name>
         <load_address>0x118e</load_address>
         <run_address>0x118e</run_address>
         <size>0xb6</size>
         <input_file_ref idref="fl-17"/>
      </object_component>
      <object_component id="oc-c7">
         <name>.debug_abbrev</name>
         <load_address>0x1244</load_address>
         <run_address>0x1244</run_address>
         <size>0x46</size>
         <input_file_ref idref="fl-23"/>
      </object_component>
      <object_component id="oc-cc">
         <name>.debug_abbrev</name>
         <load_address>0x128a</load_address>
         <run_address>0x128a</run_address>
         <size>0xe3</size>
         <input_file_ref idref="fl-24"/>
      </object_component>
      <object_component id="oc-d1">
         <name>.debug_abbrev</name>
         <load_address>0x136d</load_address>
         <run_address>0x136d</run_address>
         <size>0xa8</size>
         <input_file_ref idref="fl-25"/>
      </object_component>
      <object_component id="oc-d6">
         <name>.debug_abbrev</name>
         <load_address>0x1415</load_address>
         <run_address>0x1415</run_address>
         <size>0x68</size>
         <input_file_ref idref="fl-26"/>
      </object_component>
      <object_component id="oc-db">
         <name>.debug_abbrev</name>
         <load_address>0x147d</load_address>
         <run_address>0x147d</run_address>
         <size>0x66</size>
         <input_file_ref idref="fl-27"/>
      </object_component>
      <object_component id="oc-e2">
         <name>.debug_abbrev</name>
         <load_address>0x14e3</load_address>
         <run_address>0x14e3</run_address>
         <size>0x130</size>
         <input_file_ref idref="fl-28"/>
      </object_component>
      <object_component id="oc-e7">
         <name>.debug_abbrev</name>
         <load_address>0x1613</load_address>
         <run_address>0x1613</run_address>
         <size>0xb2</size>
         <input_file_ref idref="fl-29"/>
      </object_component>
      <object_component id="oc-ec">
         <name>.debug_abbrev</name>
         <load_address>0x16c5</load_address>
         <run_address>0x16c5</run_address>
         <size>0xee</size>
         <input_file_ref idref="fl-2a"/>
      </object_component>
      <object_component id="oc-181">
         <name>.debug_abbrev</name>
         <load_address>0x17b3</load_address>
         <run_address>0x17b3</run_address>
         <size>0xf</size>
      </object_component>
      <object_component id="oc-3c">
         <name>.debug_aranges</name>
         <load_address>0x0</load_address>
         <run_address>0x0</run_address>
         <size>0x40</size>
         <input_file_ref idref="fl-2"/>
      </object_component>
      <object_component id="oc-41">
         <name>.debug_aranges</name>
         <load_address>0x40</load_address>
         <run_address>0x40</run_address>
         <size>0x40</size>
         <input_file_ref idref="fl-3"/>
      </object_component>
      <object_component id="oc-48">
         <name>.debug_aranges</name>
         <load_address>0x80</load_address>
         <run_address>0x80</run_address>
         <size>0x20</size>
         <input_file_ref idref="fl-4"/>
      </object_component>
      <object_component id="oc-4e">
         <name>.debug_aranges</name>
         <load_address>0xa0</load_address>
         <run_address>0xa0</run_address>
         <size>0x38</size>
         <input_file_ref idref="fl-5"/>
      </object_component>
      <object_component id="oc-54">
         <name>.debug_aranges</name>
         <load_address>0xd8</load_address>
         <run_address>0xd8</run_address>
         <size>0x20</size>
         <input_file_ref idref="fl-6"/>
      </object_component>
      <object_component id="oc-59">
         <name>.debug_aranges</name>
         <load_address>0xf8</load_address>
         <run_address>0xf8</run_address>
         <size>0x40</size>
         <input_file_ref idref="fl-d"/>
      </object_component>
      <object_component id="oc-5f">
         <name>.debug_aranges</name>
         <load_address>0x138</load_address>
         <run_address>0x138</run_address>
         <size>0x30</size>
         <input_file_ref idref="fl-e"/>
      </object_component>
      <object_component id="oc-65">
         <name>.debug_aranges</name>
         <load_address>0x168</load_address>
         <run_address>0x168</run_address>
         <size>0x28</size>
         <input_file_ref idref="fl-f"/>
      </object_component>
      <object_component id="oc-6a">
         <name>.debug_aranges</name>
         <load_address>0x190</load_address>
         <run_address>0x190</run_address>
         <size>0x28</size>
         <input_file_ref idref="fl-10"/>
      </object_component>
      <object_component id="oc-6f">
         <name>.debug_aranges</name>
         <load_address>0x1b8</load_address>
         <run_address>0x1b8</run_address>
         <size>0x50</size>
         <input_file_ref idref="fl-11"/>
      </object_component>
      <object_component id="oc-75">
         <name>.debug_aranges</name>
         <load_address>0x208</load_address>
         <run_address>0x208</run_address>
         <size>0x48</size>
         <input_file_ref idref="fl-12"/>
      </object_component>
      <object_component id="oc-7a">
         <name>.debug_aranges</name>
         <load_address>0x250</load_address>
         <run_address>0x250</run_address>
         <size>0x48</size>
         <input_file_ref idref="fl-13"/>
      </object_component>
      <object_component id="oc-7f">
         <name>.debug_aranges</name>
         <load_address>0x298</load_address>
         <run_address>0x298</run_address>
         <size>0xb8</size>
         <input_file_ref idref="fl-14"/>
      </object_component>
      <object_component id="oc-84">
         <name>.debug_aranges</name>
         <load_address>0x350</load_address>
         <run_address>0x350</run_address>
         <size>0x98</size>
         <input_file_ref idref="fl-15"/>
      </object_component>
      <object_component id="oc-89">
         <name>.debug_aranges</name>
         <load_address>0x3e8</load_address>
         <run_address>0x3e8</run_address>
         <size>0x28</size>
         <input_file_ref idref="fl-16"/>
      </object_component>
      <object_component id="oc-c1">
         <name>.debug_aranges</name>
         <load_address>0x410</load_address>
         <run_address>0x410</run_address>
         <size>0x1b0</size>
         <input_file_ref idref="fl-17"/>
      </object_component>
      <object_component id="oc-c8">
         <name>.debug_aranges</name>
         <load_address>0x5c0</load_address>
         <run_address>0x5c0</run_address>
         <size>0x20</size>
         <input_file_ref idref="fl-23"/>
      </object_component>
      <object_component id="oc-cd">
         <name>.debug_aranges</name>
         <load_address>0x5e0</load_address>
         <run_address>0x5e0</run_address>
         <size>0x20</size>
         <input_file_ref idref="fl-24"/>
      </object_component>
      <object_component id="oc-d2">
         <name>.debug_aranges</name>
         <load_address>0x600</load_address>
         <run_address>0x600</run_address>
         <size>0x20</size>
         <input_file_ref idref="fl-25"/>
      </object_component>
      <object_component id="oc-d7">
         <name>.debug_aranges</name>
         <load_address>0x620</load_address>
         <run_address>0x620</run_address>
         <size>0x20</size>
         <input_file_ref idref="fl-26"/>
      </object_component>
      <object_component id="oc-dc">
         <name>.debug_aranges</name>
         <load_address>0x640</load_address>
         <run_address>0x640</run_address>
         <size>0x20</size>
         <input_file_ref idref="fl-27"/>
      </object_component>
      <object_component id="oc-e3">
         <name>.debug_aranges</name>
         <load_address>0x660</load_address>
         <run_address>0x660</run_address>
         <size>0x28</size>
         <input_file_ref idref="fl-28"/>
      </object_component>
      <object_component id="oc-e8">
         <name>.debug_aranges</name>
         <load_address>0x688</load_address>
         <run_address>0x688</run_address>
         <size>0x30</size>
         <input_file_ref idref="fl-29"/>
      </object_component>
      <object_component id="oc-ed">
         <name>.debug_aranges</name>
         <load_address>0x6b8</load_address>
         <run_address>0x6b8</run_address>
         <size>0x20</size>
         <input_file_ref idref="fl-2a"/>
      </object_component>
   </object_component_list>
   <logical_group_list>
      <logical_group id="lg-3" display="no" color="cyan">
         <name>PieVectTableFile</name>
         <run_address>0x0</run_address>
         <size>0x0</size>
         <contents>
         </contents>
      </logical_group>
      <logical_group id="lg-5" display="no" color="cyan">
         <name>EmuKeyVar</name>
         <run_address>0x0</run_address>
         <size>0x0</size>
         <contents>
         </contents>
      </logical_group>
      <logical_group id="lg-6" display="no" color="cyan">
         <name>EmuBModeVar</name>
         <run_address>0x0</run_address>
         <size>0x0</size>
         <contents>
         </contents>
      </logical_group>
      <logical_group id="lg-7" display="no" color="cyan">
         <name>FlashCallbackVar</name>
         <run_address>0x0</run_address>
         <size>0x0</size>
         <contents>
         </contents>
      </logical_group>
      <logical_group id="lg-8" display="no" color="cyan">
         <name>FlashScalingVar</name>
         <run_address>0x0</run_address>
         <size>0x0</size>
         <contents>
         </contents>
      </logical_group>
      <logical_group id="lg-4" display="no" color="cyan">
         <name>GROUP_2</name>
         <run_address>0x0</run_address>
         <size>0x0</size>
         <contents>
            <logical_group_ref idref="lg-5"/>
            <logical_group_ref idref="lg-6"/>
            <logical_group_ref idref="lg-7"/>
            <logical_group_ref idref="lg-8"/>
         </contents>
      </logical_group>
      <overlay id="lg-2" display="no" color="cyan">
         <name>UNION_1</name>
         <run_address>0x0</run_address>
         <size>0x0</size>
         <contents>
            <logical_group_ref idref="lg-3"/>
            <logical_group_ref idref="lg-4"/>
         </contents>
      </overlay>
      <logical_group id="lg-9" display="no" color="cyan">
         <name>DevEmuRegsFile</name>
         <run_address>0x0</run_address>
         <size>0x0</size>
         <contents>
         </contents>
      </logical_group>
      <logical_group id="lg-a" display="no" color="cyan">
         <name>SysPwrCtrlRegsFile</name>
         <run_address>0x0</run_address>
         <size>0x0</size>
         <contents>
         </contents>
      </logical_group>
      <logical_group id="lg-b" display="no" color="cyan">
         <name>FlashRegsFile</name>
         <run_address>0x0</run_address>
         <size>0x0</size>
         <contents>
         </contents>
      </logical_group>
      <logical_group id="lg-c" display="no" color="cyan">
         <name>CsmRegsFile</name>
         <run_address>0x0</run_address>
         <size>0x0</size>
         <contents>
         </contents>
      </logical_group>
      <logical_group id="lg-d" display="no" color="cyan">
         <name>AdcResultFile</name>
         <run_address>0x0</run_address>
         <size>0x0</size>
         <contents>
         </contents>
      </logical_group>
      <logical_group id="lg-e" display="no" color="cyan">
         <name>CpuTimer0RegsFile</name>
         <run_address>0x0</run_address>
         <size>0x0</size>
         <contents>
         </contents>
      </logical_group>
      <logical_group id="lg-f" display="no" color="cyan">
         <name>CpuTimer1RegsFile</name>
         <run_address>0x0</run_address>
         <size>0x0</size>
         <contents>
         </contents>
      </logical_group>
      <logical_group id="lg-10" display="no" color="cyan">
         <name>CpuTimer2RegsFile</name>
         <run_address>0x0</run_address>
         <size>0x0</size>
         <contents>
         </contents>
      </logical_group>
      <logical_group id="lg-11" display="no" color="cyan">
         <name>PieCtrlRegsFile</name>
         <run_address>0x0</run_address>
         <size>0x0</size>
         <contents>
         </contents>
      </logical_group>
      <logical_group id="lg-12" display="no" color="cyan">
         <name>ECap1RegsFile</name>
         <run_address>0x0</run_address>
         <size>0x0</size>
         <contents>
         </contents>
      </logical_group>
      <logical_group id="lg-13" display="no" color="cyan">
         <name>GpioCtrlRegsFile</name>
         <run_address>0x0</run_address>
         <size>0x0</size>
         <contents>
         </contents>
      </logical_group>
      <logical_group id="lg-14" display="no" color="cyan">
         <name>GpioDataRegsFile</name>
         <run_address>0x0</run_address>
         <size>0x0</size>
         <contents>
         </contents>
      </logical_group>
      <logical_group id="lg-15" display="no" color="cyan">
         <name>GpioIntRegsFile</name>
         <run_address>0x0</run_address>
         <size>0x0</size>
         <contents>
         </contents>
      </logical_group>
      <logical_group id="lg-16" display="no" color="cyan">
         <name>SysCtrlRegsFile</name>
         <run_address>0x0</run_address>
         <size>0x0</size>
         <contents>
         </contents>
      </logical_group>
[...]
         <value>0x3f7317</value>
         <object_component_ref idref="oc-10f"/>
      </symbol>
      <symbol id="sm-16e">
         <name>_GPIO_init</name>
         <value>0x3f751b</value>
         <object_component_ref idref="oc-10a"/>
      </symbol>
      <symbol id="sm-16f">
         <name>_GPIO_setPullUp</name>
         <value>0x3f7388</value>
         <object_component_ref idref="oc-114"/>
      </symbol>
      <symbol id="sm-170">
         <name>_GPIO_setDirection</name>
         <value>0x3f735f</value>
         <object_component_ref idref="oc-110"/>
      </symbol>
      <symbol id="sm-171">
         <name>_GPIO_setHigh</name>
         <value>0x3f7457</value>
         <object_component_ref idref="oc-111"/>
      </symbol>
      <symbol id="sm-191">
         <name>_PIE_enable</name>
         <value>0x3f76d8</value>
         <object_component_ref idref="oc-10e"/>
      </symbol>
      <symbol id="sm-192">
         <name>_PIE_disableAllInts</name>
         <value>0x3f747f</value>
         <object_component_ref idref="oc-107"/>
      </symbol>
      <symbol id="sm-193">
         <name>_PIE_disable</name>
         <value>0x3f76d5</value>
         <object_component_ref idref="oc-106"/>
      </symbol>
      <symbol id="sm-194">
         <name>_PIE_illegalIsr</name>
         <value>0x3f7623</value>
         <object_component_ref idref="oc-71"/>
      </symbol>
      <symbol id="sm-195">
         <name>_PIE_init</name>
         <value>0x3f74b2</value>
         <object_component_ref idref="oc-102"/>
      </symbol>
      <symbol id="sm-196">
         <name>_PIE_setDebugIntVectorTable</name>
         <value>0x3f7490</value>
         <object_component_ref idref="oc-10d"/>
      </symbol>
      <symbol id="sm-197">
         <name>_PIE_tableDebugInit</name>
         <value>0x3f7702</value>
         <object_component_ref idref="oc-13e"/>
      </symbol>
      <symbol id="sm-1b2">
         <name>_PLL_getClkStatus</name>
         <value>0x3f76db</value>
         <object_component_ref idref="oc-13a"/>
      </symbol>
      <symbol id="sm-1b3">
         <name>_PLL_setDivider</name>
         <value>0x3f7568</value>
         <object_component_ref idref="oc-13b"/>
      </symbol>
      <symbol id="sm-1b4">
         <name>_PLL_init</name>
         <value>0x3f7523</value>
         <object_component_ref idref="oc-100"/>
      </symbol>
      <symbol id="sm-1b5">
         <name>_PLL_getLockStatus</name>
         <value>0x3f76de</value>
         <object_component_ref idref="oc-13d"/>
      </symbol>
      <symbol id="sm-1b6">
         <name>_PLL_setup</name>
         <value>0x3f7442</value>
         <object_component_ref idref="oc-105"/>
      </symbol>
      <symbol id="sm-1b7">
         <name>_PLL_setMultiplier</name>
         <value>0x3f758b</value>
         <object_component_ref idref="oc-13c"/>
      </symbol>
      <symbol id="sm-1ed">
         <name>_SCI_enableFifoEnh</name>
         <value>0x3f76a7</value>
         <object_component_ref idref="oc-11f"/>
      </symbol>
      <symbol id="sm-1ee">
         <name>_SCI_setNumStopBits</name>
         <value>0x3f76b3</value>
         <object_component_ref idref="oc-117"/>
      </symbol>
      <symbol id="sm-1ef">
         <name>_SCI_putDataBlocking</name>
         <value>0x3f7501</value>
         <object_component_ref idref="oc-128"/>
      </symbol>
      <symbol id="sm-1f0">
         <name>_SCI_clearRxFifoInt</name>
         <value>0x3f769f</value>
         <object_component_ref idref="oc-125"/>
      </symbol>
      <symbol id="sm-1f1">
         <name>_SCI_init</name>
         <value>0x3f752b</value>
         <object_component_ref idref="oc-113"/>
      </symbol>
      <symbol id="sm-1f2">
         <name>_SCI_resetChannels</name>
         <value>0x3f74bc</value>
         <object_component_ref idref="oc-122"/>
      </symbol>
      <symbol id="sm-1f3">
         <name>_SCI_enableTxInt</name>
         <value>0x3f76f0</value>
         <object_component_ref idref="oc-11c"/>
      </symbol>
      <symbol id="sm-1f4">
         <name>_SCI_disableParity</name>
         <value>0x3f76e1</value>
         <object_component_ref idref="oc-116"/>
      </symbol>
      <symbol id="sm-1f5">
         <name>_SCI_setRxFifoIntLevel</name>
         <value>0x3f756f</value>
         <object_component_ref idref="oc-126"/>
      </symbol>
      <symbol id="sm-1f6">
         <name>_SCI_resetTxFifo</name>
         <value>0x3f74d0</value>
         <object_component_ref idref="oc-120"/>
      </symbol>
      <symbol id="sm-1f7">
         <name>_SCI_resetRxFifo</name>
         <value>0x3f74c6</value>
         <object_component_ref idref="oc-124"/>
      </symbol>
      <symbol id="sm-1f8">
         <name>_SCI_getTxFifoStatus</name>
         <value>0x3f76ab</value>
         <object_component_ref idref="oc-127"/>
      </symbol>
      <symbol id="sm-1f9">
         <name>_SCI_clearTxFifoInt</name>
         <value>0x3f76a3</value>
         <object_component_ref idref="oc-121"/>
      </symbol>
      <symbol id="sm-1fa">
         <name>_SCI_enable</name>
         <value>0x3f76e4</value>
         <object_component_ref idref="oc-11e"/>
      </symbol>
      <symbol id="sm-1fb">
         <name>_SCI_setTxFifoIntLevel</name>
         <value>0x3f7576</value>
         <object_component_ref idref="oc-123"/>
      </symbol>
      <symbol id="sm-1fc">
         <name>_SCI_enableRxInt</name>
         <value>0x3f76ea</value>
         <object_component_ref idref="oc-11d"/>
      </symbol>
      <symbol id="sm-1fd">
         <name>_SCI_setBaudRate</name>
         <value>0x3f7591</value>
         <object_component_ref idref="oc-119"/>
      </symbol>
      <symbol id="sm-1fe">
         <name>_SCI_enableRx</name>
         <value>0x3f76e7</value>
         <object_component_ref idref="oc-11b"/>
      </symbol>
      <symbol id="sm-1ff">
         <name>_SCI_enableTx</name>
         <value>0x3f76ed</value>
         <object_component_ref idref="oc-11a"/>
      </symbol>
      <symbol id="sm-200">
         <name>_SCI_setCharLength</name>
         <value>0x3f76af</value>
         <object_component_ref idref="oc-118"/>
      </symbol>
      <symbol id="sm-22d">
         <name>_SPI_setClkPhase</name>
         <value>0x3f76fb</value>
         <object_component_ref idref="oc-12f"/>
      </symbol>
      <symbol id="sm-22e">
         <name>_SPI_enableChannels</name>
         <value>0x3f76bf</value>
         <object_component_ref idref="oc-132"/>
      </symbol>
      <symbol id="sm-22f">
         <name>_SPI_enable</name>
         <value>0x3f76f3</value>
         <object_component_ref idref="oc-130"/>
      </symbol>
      <symbol id="sm-230">
         <name>_SPI_resetTxFifo</name>
         <value>0x3f74e4</value>
         <object_component_ref idref="oc-134"/>
      </symbol>
      <symbol id="sm-231">
         <name>_SPI_resetRxFifo</name>
         <value>0x3f74da</value>
         <object_component_ref idref="oc-136"/>
      </symbol>
      <symbol id="sm-232">
         <name>_SPI_setPriority</name>
         <value>0x3f757d</value>
         <object_component_ref idref="oc-131"/>
      </symbol>
      <symbol id="sm-233">
         <name>_SPI_setCharLength</name>
         <value>0x3f76c7</value>
         <object_component_ref idref="oc-12d"/>
      </symbol>
      <symbol id="sm-234">
         <name>_SPI_init</name>
         <value>0x3f7533</value>
         <object_component_ref idref="oc-129"/>
      </symbol>
      <symbol id="sm-235">
         <name>_SPI_clearRxFifoInt</name>
         <value>0x3f76b7</value>
         <object_component_ref idref="oc-137"/>
      </symbol>
      <symbol id="sm-236">
         <name>_SPI_setRxFifoIntLevel</name>
         <value>0x3f7584</value>
         <object_component_ref idref="oc-138"/>
      </symbol>
      <symbol id="sm-237">
         <name>_SPI_setMode</name>
         <value>0x3f76fd</value>
         <object_component_ref idref="oc-12a"/>
      </symbol>
      <symbol id="sm-238">
         <name>_SPI_setBaudRate</name>
         <value>0x3f76f9</value>
         <object_component_ref idref="oc-12c"/>
      </symbol>
      <symbol id="sm-239">
         <name>_SPI_enableFifoEnh</name>
         <value>0x3f76c3</value>
         <object_component_ref idref="oc-133"/>
      </symbol>
      <symbol id="sm-23a">
         <name>_SPI_setClkPolarity</name>
         <value>0x3f76cb</value>
         <object_component_ref idref="oc-12e"/>
      </symbol>
      <symbol id="sm-23b">
         <name>_SPI_enableTx</name>
         <value>0x3f76f6</value>
         <object_component_ref idref="oc-12b"/>
      </symbol>
      <symbol id="sm-23c">
         <name>_SPI_clearTxFifoInt</name>
         <value>0x3f76bb</value>
         <object_component_ref idref="oc-135"/>
      </symbol>
      <symbol id="sm-24d">
         <name>_WDOG_init</name>
         <value>0x3f7543</value>
         <object_component_ref idref="oc-fd"/>
      </symbol>
      <symbol id="sm-24e">
         <name>_WDOG_disable</name>
         <value>0x3f753b</value>
         <object_component_ref idref="oc-fe"/>
      </symbol>
      <symbol id="sm-2f1">
         <name>_ILLEGAL_ISR</name>
         <value>0x3f760a</value>
         <object_component_ref idref="oc-91"/>
      </symbol>
      <symbol id="sm-2f2">
         <name>_ADCINT4_ISR</name>
         <value>0x3f75a6</value>
         <object_component_ref idref="oc-b5"/>
      </symbol>
      <symbol id="sm-2f3">
         <name>_DATALOG_ISR</name>
         <value>0x3f75c4</value>
         <object_component_ref idref="oc-8d"/>
      </symbol>
      <symbol id="sm-2f4">
         <name>_SPITXINTA_ISR</name>
         <value>0x3f763c</value>
         <object_component_ref idref="oc-af"/>
      </symbol>
      <symbol id="sm-2f5">
         <name>_SPIRXINTA_ISR</name>
         <value>0x3f7637</value>
         <object_component_ref idref="oc-ae"/>
      </symbol>
      <symbol id="sm-2f6">
         <name>_INT13_ISR</name>
         <value>0x3f760f</value>
         <object_component_ref idref="oc-8b"/>
      </symbol>
      <symbol id="sm-2f7">
         <name>_ADCINT5_ISR</name>
         <value>0x3f75ab</value>
         <object_component_ref idref="oc-b6"/>
      </symbol>
      <symbol id="sm-2f8">
         <name>_EPWM4_INT_ISR</name>
         <value>0x3f75f6</value>
         <object_component_ref idref="oc-ac"/>
      </symbol>
      <symbol id="sm-2f9">
         <name>_USER5_ISR</name>
         <value>0x3f7669</value>
         <object_component_ref idref="oc-96"/>
      </symbol>
      <symbol id="sm-2fa">
         <name>_EMPTY_ISR</name>
         <value>0x3f75ce</value>
         <object_component_ref idref="oc-bb"/>
      </symbol>
      <symbol id="sm-2fb">
         <name>_EPWM4_TZINT_ISR</name>
         <value>0x3f75fb</value>
         <object_component_ref idref="oc-a8"/>
      </symbol>
      <symbol id="sm-2fc">
         <name>_EMUINT_ISR</name>
         <value>0x3f75d3</value>
         <object_component_ref idref="oc-8f"/>
      </symbol>
      <symbol id="sm-2fd">
         <name>_ECAP1_INT_ISR</name>
         <value>0x3f75c9</value>
         <object_component_ref idref="oc-ad"/>
      </symbol>
      <symbol id="sm-2fe">
         <name>_EPWM1_TZINT_ISR</name>
         <value>0x3f75dd</value>
         <object_component_ref idref="oc-a5"/>
      </symbol>
      <symbol id="sm-2ff">
         <name>_ADCINT6_ISR</name>
         <value>0x3f75b0</value>
         <object_component_ref idref="oc-b7"/>
      </symbol>
      <symbol id="sm-300">
         <name>_ADCINT8_ISR</name>
         <value>0x3f75ba</value>
         <object_component_ref idref="oc-b9"/>
      </symbol>
      <symbol id="sm-301">
         <name>_USER11_ISR</name>
         <value>0x3f764b</value>
         <object_component_ref idref="oc-9c"/>
      </symbol>
      <symbol id="sm-302">
         <name>_EPWM3_TZINT_ISR</name>
         <value>0x3f75f1</value>
         <object_component_ref idref="oc-a7"/>
      </symbol>
      <symbol id="sm-303">
         <name>_USER4_ISR</name>
         <value>0x3f7664</value>
         <object_component_ref idref="oc-95"/>
      </symbol>
      <symbol id="sm-304">
         <name>_EPWM2_TZINT_ISR</name>
         <value>0x3f75e7</value>
         <object_component_ref idref="oc-a6"/>
      </symbol>
      <symbol id="sm-305">
         <name>_EPWM2_INT_ISR</name>
         <value>0x3f75e2</value>
         <object_component_ref idref="oc-aa"/>
      </symbol>
      <symbol id="sm-306">
         <name>_TINT0_ISR</name>
         <value>0x3f7641</value>
         <object_component_ref idref="oc-a3"/>
      </symbol>
      <symbol id="sm-307">
         <name>_WAKEINT_ISR</name>
         <value>0x3f7682</value>
         <object_component_ref idref="oc-a4"/>
      </symbol>
      <symbol id="sm-308">
         <name>_ADCINT7_ISR</name>
         <value>0x3f75b5</value>
         <object_component_ref idref="oc-b8"/>
      </symbol>
      <symbol id="sm-309">
         <name>_ADCINT9_ISR</name>
         <value>0x3f75bf</value>
         <object_component_ref idref="oc-a2"/>
      </symbol>
      <symbol id="sm-30a">
         <name>_USER10_ISR</name>
         <value>0x3f7646</value>
         <object_component_ref idref="oc-9b"/>
      </symbol>
      <symbol id="sm-30b">
         <name>_USER7_ISR</name>
         <value>0x3f7673</value>
         <object_component_ref idref="oc-98"/>
      </symbol>
      <symbol id="sm-30c">
         <name>_XINT1_ISR</name>
         <value>0x3f7687</value>
         <object_component_ref idref="oc-a0"/>
      </symbol>
      <symbol id="sm-30d">
         <name>_INT14_ISR</name>
         <value>0x3f7614</value>
         <object_component_ref idref="oc-8c"/>
      </symbol>
      <symbol id="sm-30e">
         <name>_USER6_ISR</name>
         <value>0x3f766e</value>
         <object_component_ref idref="oc-97"/>
      </symbol>
      <symbol id="sm-30f">
         <name>_ADCINT1_ISR</name>
         <value>0x3f7597</value>
         <object_component_ref idref="oc-9e"/>
      </symbol>
      <symbol id="sm-310">
         <name>_USER12_ISR</name>
         <value>0x3f7650</value>
         <object_component_ref idref="oc-9d"/>
      </symbol>
      <symbol id="sm-311">
         <name>_USER1_ISR</name>
         <value>0x3f7655</value>
         <object_component_ref idref="oc-92"/>
      </symbol>
      <symbol id="sm-312">
         <name>_XINT3_ISR</name>
         <value>0x3f7691</value>
         <object_component_ref idref="oc-ba"/>
      </symbol>
      <symbol id="sm-313">
         <name>_NMI_ISR</name>
         <value>0x3f7619</value>
         <object_component_ref idref="oc-90"/>
      </symbol>
      <symbol id="sm-314">
         <name>_ADCINT2_ISR</name>
         <value>0x3f759c</value>
         <object_component_ref idref="oc-9f"/>
      </symbol>
      <symbol id="sm-315">
         <name>_PIE_RESERVED</name>
         <value>0x3f761e</value>
         <object_component_ref idref="oc-bc"/>
      </symbol>
      <symbol id="sm-316">
         <name>_I2CINT1A_ISR</name>
         <value>0x3f7600</value>
         <object_component_ref idref="oc-b0"/>
      </symbol>
      <symbol id="sm-317">
         <name>_XINT2_ISR</name>
         <value>0x3f768c</value>
         <object_component_ref idref="oc-a1"/>
      </symbol>
      <symbol id="sm-318">
         <name>_I2CINT2A_ISR</name>
         <value>0x3f7605</value>
         <object_component_ref idref="oc-b1"/>
      </symbol>
      <symbol id="sm-319">
         <name>_RTOSINT_ISR</name>
         <value>0x3f7628</value>
         <object_component_ref idref="oc-8e"/>
      </symbol>
      <symbol id="sm-31a">
         <name>_EPWM3_INT_ISR</name>
         <value>0x3f75ec</value>
         <object_component_ref idref="oc-ab"/>
      </symbol>
      <symbol id="sm-31b">
         <name>_ADCINT3_ISR</name>
         <value>0x3f75a1</value>
         <object_component_ref idref="oc-b4"/>
      </symbol>
      <symbol id="sm-31c">
         <name>_USER9_ISR</name>
         <value>0x3f767d</value>
         <object_component_ref idref="oc-9a"/>
      </symbol>
      <symbol id="sm-31d">
         <name>_USER3_ISR</name>
         <value>0x3f765f</value>
         <object_component_ref idref="oc-94"/>
      </symbol>
      <symbol id="sm-31e">
         <name>_USER8_ISR</name>
         <value>0x3f7678</value>
         <object_component_ref idref="oc-99"/>
      </symbol>
      <symbol id="sm-31f">
         <name>_EPWM1_INT_ISR</name>
         <value>0x3f75d8</value>
         <object_component_ref idref="oc-a9"/>
      </symbol>
      <symbol id="sm-320">
         <name>_USER2_ISR</name>
         <value>0x3f765a</value>
         <object_component_ref idref="oc-93"/>
      </symbol>
      <symbol id="sm-321">
         <name>_SCITXINTA_ISR</name>
         <value>0x3f7632</value>
         <object_component_ref idref="oc-b3"/>
      </symbol>
      <symbol id="sm-322">
         <name>_SCIRXINTA_ISR</name>
         <value>0x3f762d</value>
         <object_component_ref idref="oc-b2"/>
      </symbol>
      <symbol id="sm-323">
         <name>_rsvd_ISR</name>
         <value>0x3f7696</value>
         <object_component_ref idref="oc-bd"/>
      </symbol>
      <symbol id="sm-33e">
         <name>_c_int00</name>
         <value>0x3f7273</value>
         <object_component_ref idref="oc-c2"/>
      </symbol>
      <symbol id="sm-33f">
         <name>__stack</name>
         <value>0x400</value>
         <object_component_ref idref="oc-c3"/>
      </symbol>
      <symbol id="sm-34e">
         <name>_copy_in</name>
         <value>0x3f7401</value>
         <object_component_ref idref="oc-ef"/>
      </symbol>
      <symbol id="sm-35f">
         <name>_memcpy</name>
         <value>0x3f7425</value>
         <object_component_ref idref="oc-f3"/>
      </symbol>
      <symbol id="sm-36b">
         <name>__system_pre_init</name>
         <value>0x3f76ff</value>
         <object_component_ref idref="oc-ee"/>
      </symbol>
      <symbol id="sm-378">
         <name>__system_post_cinit</name>
         <value>0x3f7701</value>
         <object_component_ref idref="oc-f0"/>
      </symbol>
      <symbol id="sm-38c">
         <name>C$$EXIT</name>
         <value>0x3f73b1</value>
         <object_component_ref idref="oc-f2"/>
      </symbol>
      <symbol id="sm-38d">
         <name>_exit</name>
         <value>0x3f73b3</value>
         <object_component_ref idref="oc-f2"/>
      </symbol>
      <symbol id="sm-38e">
         <name>___TI_cleanup_ptr</name>
         <value>0x70e</value>
         <object_component_ref idref="oc-df"/>
      </symbol>
      <symbol id="sm-38f">
         <name>___TI_enable_exit_profile_output</name>
         <value>0x70c</value>
         <object_component_ref idref="oc-df"/>
      </symbol>
      <symbol id="sm-390">
         <name>_abort</name>
         <value>0x3f73b1</value>
         <object_component_ref idref="oc-f2"/>
      </symbol>
      <symbol id="sm-391">
         <name>___TI_dtors_ptr</name>
         <value>0x710</value>
         <object_component_ref idref="oc-df"/>
      </symbol>
      <symbol id="sm-3a5">
         <name>__unlock</name>
         <value>0x718</value>
         <object_component_ref idref="oc-139"/>
      </symbol>
      <symbol id="sm-3a6">
         <name>__lock</name>
         <value>0x716</value>
         <object_component_ref idref="oc-f5"/>
      </symbol>
      <symbol id="sm-3a7">
         <name>__register_lock</name>
         <value>0x3f750e</value>
         <object_component_ref idref="oc-fb"/>
      </symbol>
      <symbol id="sm-3a8">
         <name>__nop</name>
         <value>0x3f7512</value>
         <object_component_ref idref="oc-fb"/>
      </symbol>
      <symbol id="sm-3a9">
         <name>__register_unlock</name>
         <value>0x3f750a</value>
         <object_component_ref idref="oc-fb"/>
      </symbol>
      <symbol id="sm-3b8">
         <name>__args_main</name>
         <value>0x3f74a1</value>
         <object_component_ref idref="oc-f1"/>
      </symbol>
   </symbol_table>
   <title>Link successful</title>
</link_info>
