******************************************************************************
             TMS320C2000 Linker Unix v20.2.1                   
******************************************************************************
>> Linked Wed Jan  6 22:33:45 2021

OUTPUT FILE NAME:   <TI-TMS320F28027-USB-TTL.out>
ENTRY POINT SYMBOL: "code_start"  address: 003f7ff6


MEMORY CONFIGURATION

         name            origin    length      used     unused   attr    fill
----------------------  --------  ---------  --------  --------  ----  --------
PAGE 0:
  RAMM0                 00000050   000003b0  00000004  000003ac  RWIX
  OTP                   003d7800   00000400  00000000  00000400  RWIX
  FLASHB                003f6000   00001000  00000000  00001000  RWIX
  FLASHA                003f7000   00000f80  00000276  00000d0a  RWIX
  CSM_RSVD              003f7f80   00000076  00000000  00000076  RWIX
  BEGIN                 003f7ff6   00000002  00000002  00000000  RWIX
  CSM_PWL_P0            003f7ff8   00000008  00000000  00000008  RWIX
  IQTABLES              003fe000   00000b50  00000000  00000b50  RWIX
  IQTABLES2             003feb50   0000008c  00000000  0000008c  RWIX
  IQTABLES3             003febdc   000000aa  00000000  000000aa  RWIX
  ROM                   003ff27c   00000d44  00000000  00000d44  RWIX
  RESET                 003fffc0   00000002  00000000  00000002  RWIX
  VECTORS               003fffc2   0000003e  00000000  0000003e  RWIX

PAGE 1:
  BOOT_RSVD             00000000   00000050  00000000  00000050  RWIX
  RAMM1                 00000400   00000400  00000316  000000ea  RWIX
  DEV_EMU               00000880   00000105  00000000  00000105  RWIX
  SYS_PWR_CTL           00000985   00000003  00000000  00000003  RWIX
  FLASH_REGS            00000a80   00000060  00000000  00000060  RWIX
  CSM                   00000ae0   00000010  00000000  00000010  RWIX
  ADC_RESULT            00000b00   00000020  00000000  00000020  RWIX
  CPU_TIMER0            00000c00   00000008  00000000  00000008  RWIX
  CPU_TIMER1            00000c08   00000008  00000000  00000008  RWIX
  CPU_TIMER2            00000c10   00000008  00000000  00000008  RWIX
  PIE_CTRL              00000ce0   00000020  00000000  00000020  RWIX
  PIE_VECT              00000d00   00000100  00000000  00000100  RWIX
  COMP1                 00006400   00000020  00000000  00000020  RWIX
  COMP2                 00006420   00000020  00000000  00000020  RWIX
  EPWM1                 00006800   00000040  00000000  00000040  RWIX
  EPWM2                 00006840   00000040  00000000  00000040  RWIX
  EPWM3                 00006880   00000040  00000000  00000040  RWIX
  EPWM4                 000068c0   00000040  00000000  00000040  RWIX
  ECAP1                 00006a00   00000020  00000000  00000020  RWIX
  GPIOCTRL              00006f80   00000040  00000000  00000040  RWIX
  GPIODAT               00006fc0   00000020  00000000  00000020  RWIX
  GPIOINT               00006fe0   00000020  00000000  00000020  RWIX
  SYSTEM                00007010   00000020  00000000  00000020  RWIX
  SPIA                  00007040   00000010  00000000  00000010  RWIX
  SCIA                  00007050   00000010  00000000  00000010  RWIX
  NMIINTRUPT            00007060   00000010  00000000  00000010  RWIX
  XINTRUPT              00007070   00000010  00000000  00000010  RWIX
  ADC                   00007100   00000080  00000000  00000080  RWIX
  I2CA                  00007900   00000040  00000000  00000040  RWIX
  RAML0                 00008000   00000400  00000000  00000400  RWIX
  PARTID                003d7fff   00000001  00000000  00000001  RWIX
  CSM_PWL               003f7ff8   00000008  00000000  00000008  RWIX


SECTION ALLOCATION MAP

 output                                  attributes/
section   page    origin      length       input sections
--------  ----  ----------  ----------   ----------------
ramfuncs   0    003f7000    00000004     RUN ADDR = 00000050
                  003f7000    00000004     driverlib.lib : f2802xx_asmfuncs.obj (ramfuncs)

.cinit     0    003f723e    00000038     
                  003f723e    0000001e     drv_cpu.obj (.cinit)
                  003f725c    0000000e     rts2800_ml.lib : exit.c.obj (.cinit)
                  003f726a    00000005                    : _lock.c.obj (.cinit:__lock)
                  003f726f    00000005                    : _lock.c.obj (.cinit:__unlock)
                  003f7274    00000002     --HOLE-- [fill = 0]

codestart 
*          0    003f7ff6    00000002     
                  003f7ff6    00000002     driverlib.lib : f2802xx_codestartbranch.obj (codestart)

.pinit     0    003f7000    00000000     UNINITIALIZED

.stack     1    00000400    00000300     UNINITIALIZED
                  00000400    00000300     --HOLE--

.reset     0    003fffc0    00000002     DSECT
                  003fffc0    00000002     rts2800_ml.lib : boot28.asm.obj (.reset)

vectors    0    003fffc2    00000000     DSECT

.text      0    003f7004    0000023a     
                  003f7004    0000006c     main.obj (.text)
                  003f7070    00000054     rts2800_ml.lib : boot28.asm.obj (.text)
                  003f70c4    00000048     driverlib.lib : gpio.obj (.text:_GPIO_setMode)
                  003f710c    00000029                   : gpio.obj (.text:_GPIO_setDirection)
                  003f7135    00000029     rts2800_ml.lib : exit.c.obj (.text)
                  003f715e    00000024                    : cpy_tbl.c.obj (.text)
                  003f7182    0000001d                    : memcpy.c.obj (.text)
                  003f719f    00000015     driverlib.lib : pll.obj (.text:_PLL_setup)
                  003f71b4    00000014                   : gpio.obj (.text:_GPIO_toggle)
                  003f71c8    00000011     rts2800_ml.lib : args_main.c.obj (.text)
                  003f71d9    0000000a     driverlib.lib : f2802xx_asmfuncs.obj (.text)
                  003f71e3    00000009     rts2800_ml.lib : _lock.c.obj (.text)
                  003f71ec    00000008     driverlib.lib : clk.obj (.text:_CLK_init)
                  003f71f4    00000008                   : gpio.obj (.text:_GPIO_init)
                  003f71fc    00000008                   : pll.obj (.text:_PLL_init)
                  003f7204    00000008                   : wdog.obj (.text:_WDOG_disable)
                  003f720c    00000008                   : wdog.obj (.text:_WDOG_init)
                  003f7214    00000008                   : f2802xx_codestartbranch.obj (.text)
                  003f721c    00000007                   : clk.obj (.text:_CLK_setOscSrc)
                  003f7223    00000007                   : pll.obj (.text:_PLL_setDivider)
                  003f722a    00000006                   : pll.obj (.text:_PLL_setMultiplier)
                  003f7230    00000005     drv_serial.obj (.text:retain)
                  003f7235    00000003     driverlib.lib : pll.obj (.text:_PLL_getClkStatus)
                  003f7238    00000003                   : pll.obj (.text:_PLL_getLockStatus)
                  003f723b    00000002     rts2800_ml.lib : pre_init.c.obj (.text)
                  003f723d    00000001                    : startup.c.obj (.text)

.ebss      1    00000700    00000016     UNINITIALIZED
                  00000700    0000000c     drv_cpu.obj (.ebss)
                  0000070c    00000006     rts2800_ml.lib : exit.c.obj (.ebss)
                  00000712    00000002                    : _lock.c.obj (.ebss:__lock)
                  00000714    00000002                    : _lock.c.obj (.ebss:__unlock)

MODULE SUMMARY

       Module                        code   initialized data   uninitialized data
       ------                        ----   ----------------   ------------------
    ./src/
       main.obj                      108    0                  0                 
    +--+-----------------------------+------+------------------+--------------------+
       Total:                        108    0                  0                 
                                                                                 
    ./src/bsp/
       drv_cpu.obj                   0      30                 12                
       drv_serial.obj                5      0                  0                 
    +--+-----------------------------+------+------------------+--------------------+
       Total:                        5      30                 12                
                                                                                 
    /opt/ti/c2000/C2000Ware_3_03_00_00/device_support/f2802x/common/ccs/Debug/driverlib.lib
       gpio.obj                      141    0                  0                 
       pll.obj                       48     0                  0                 
       f2802xx_asmfuncs.obj          18     0                  0                 
       wdog.obj                      16     0                  0                 
       clk.obj                       15     0                  0                 
       f2802xx_codestartbranch.obj   10     0                  0                 
    +--+-----------------------------+------+------------------+--------------------+
       Total:                        248    0                  0                 
                                                                                 
    /opt/ti/ccs1011/ccs/tools/compiler/ti-cgt-c2000_20.2.1.LTS/lib/rts2800_ml.lib
       boot28.asm.obj                84     0                  0                 
       exit.c.obj                    41     14                 6                 
       cpy_tbl.c.obj                 36     0                  0                 
       memcpy.c.obj                  29     0                  0                 
       _lock.c.obj                   9      10                 4                 
       args_main.c.obj               17     0                  0                 
       pre_init.c.obj                2      0                  0                 
       startup.c.obj                 1      0                  0                 
    +--+-----------------------------+------+------------------+--------------------+
       Total:                        219    24                 10                
                                                                                 
       Stack:                        0      0                  768               
    +--+-----------------------------+------+------------------+--------------------+
       Grand Total:                  580    54                 790               


GLOBAL DATA SYMBOLS: SORTED BY DATA PAGE

address     data page           name
--------    ----------------    ----
00000400      10 (00000400)     __stack

00000700      1c (00000700)     _mFlash
00000702      1c (00000700)     _mClk
00000704      1c (00000700)     _mHandle
00000706      1c (00000700)     _mCpu
00000708      1c (00000700)     _mPLLClk
0000070a      1c (00000700)     _mWdog
0000070c      1c (00000700)     ___TI_enable_exit_profile_output
0000070e      1c (00000700)     ___TI_cleanup_ptr
00000710      1c (00000700)     ___TI_dtors_ptr
00000712      1c (00000700)     __lock
00000714      1c (00000700)     __unlock


GLOBAL SYMBOLS: SORTED ALPHABETICALLY BY Name 

page  address   name                            
----  -------   ----                            
abs   ffffffff  .text                           
0     003f7135  C$$EXIT                         
0     003f71ec  _CLK_init                       
0     003f721c  _CLK_setOscSrc                  
0     003f71dc  _DSP28x_DisableInt              
0     003f71e0  _DSP28x_RestoreInt              
0     00000050  _DSP28x_usDelay                 
0     003f71f4  _GPIO_init                      
0     003f710c  _GPIO_setDirection              
0     003f70c4  _GPIO_setMode                   
0     003f71b4  _GPIO_toggle                    
0     003f7235  _PLL_getClkStatus               
0     003f7238  _PLL_getLockStatus              
0     003f71fc  _PLL_init                       
0     003f7223  _PLL_setDivider                 
0     003f722a  _PLL_setMultiplier              
0     003f719f  _PLL_setup                      
abs   00000004  _RamfuncsLoadSize               
0     003f7000  _RamfuncsLoadStart              
0     00000050  _RamfuncsRunStart               
0     003f7204  _WDOG_disable                   
0     003f720c  _WDOG_init                      
1     00000700  __STACK_END                     
abs   00000300  __STACK_SIZE                    
1     0000070e  ___TI_cleanup_ptr               
1     00000710  ___TI_dtors_ptr                 
1     0000070c  ___TI_enable_exit_profile_output
abs   ffffffff  ___TI_pprof_out_hndl            
abs   ffffffff  ___TI_prof_data_size            
abs   ffffffff  ___TI_prof_data_start           
abs   ffffffff  ___binit__                      
abs   ffffffff  ___c_args__                     
0     003f723e  ___cinit__                      
abs   ffffffff  ___etext__                      
abs   ffffffff  ___pinit__                      
abs   ffffffff  ___text__                       
0     003f71c8  __args_main                     
1     00000712  __lock                          
0     003f71eb  __nop                           
0     003f71e7  __register_lock                 
0     003f71e3  __register_unlock               
1     00000400  __stack                         
0     003f723d  __system_post_cinit             
0     003f723b  __system_pre_init               
1     00000714  __unlock                        
0     003f7135  _abort                          
0     003f7070  _c_int00                        
0     003f715e  _copy_in                        
0     003f7137  _exit                           
1     00000702  _mClk                           
1     00000706  _mCpu                           
1     00000700  _mFlash                         
1     00000704  _mHandle                        
1     00000708  _mPLLClk                        
1     0000070a  _mWdog                          
0     003f7004  _main                           
0     003f7182  _memcpy                         
0     003f7230  _serial_interrupt_irq           
0     003f71d9  _setDBGIER                      
abs   ffffffff  binit                           
0     003f723e  cinit                           
0     003f7ff6  code_start                      
abs   ffffffff  etext                           
abs   ffffffff  pinit                           


GLOBAL SYMBOLS: SORTED BY Symbol Address 

page  address   name                            
----  -------   ----                            
0     00000050  _DSP28x_usDelay                 
0     00000050  _RamfuncsRunStart               
0     003f7000  _RamfuncsLoadStart              
0     003f7004  _main                           
0     003f7070  _c_int00                        
0     003f70c4  _GPIO_setMode                   
0     003f710c  _GPIO_setDirection              
0     003f7135  C$$EXIT                         
0     003f7135  _abort                          
0     003f7137  _exit                           
0     003f715e  _copy_in                        
0     003f7182  _memcpy                         
0     003f719f  _PLL_setup                      
0     003f71b4  _GPIO_toggle                    
0     003f71c8  __args_main                     
0     003f71d9  _setDBGIER                      
0     003f71dc  _DSP28x_DisableInt              
0     003f71e0  _DSP28x_RestoreInt              
0     003f71e3  __register_unlock               
0     003f71e7  __register_lock                 
0     003f71eb  __nop                           
0     003f71ec  _CLK_init                       
0     003f71f4  _GPIO_init                      
0     003f71fc  _PLL_init                       
0     003f7204  _WDOG_disable                   
0     003f720c  _WDOG_init                      
0     003f721c  _CLK_setOscSrc                  
0     003f7223  _PLL_setDivider                 
0     003f722a  _PLL_setMultiplier              
0     003f7230  _serial_interrupt_irq           
0     003f7235  _PLL_getClkStatus               
0     003f7238  _PLL_getLockStatus              
0     003f723b  __system_pre_init               
0     003f723d  __system_post_cinit             
0     003f723e  ___cinit__                      
0     003f723e  cinit                           
0     003f7ff6  code_start                      
1     00000400  __stack                         
1     00000700  __STACK_END                     
1     00000700  _mFlash                         
1     00000702  _mClk                           
1     00000704  _mHandle                        
1     00000706  _mCpu                           
1     00000708  _mPLLClk                        
1     0000070a  _mWdog                          
1     0000070c  ___TI_enable_exit_profile_output
1     0000070e  ___TI_cleanup_ptr               
1     00000710  ___TI_dtors_ptr                 
1     00000712  __lock                          
1     00000714  __unlock                        
abs   00000004  _RamfuncsLoadSize               
abs   00000300  __STACK_SIZE                    
abs   ffffffff  .text                           
abs   ffffffff  ___TI_pprof_out_hndl            
abs   ffffffff  ___TI_prof_data_size            
abs   ffffffff  ___TI_prof_data_start           
abs   ffffffff  ___binit__                      
abs   ffffffff  ___c_args__                     
abs   ffffffff  ___etext__                      
abs   ffffffff  ___pinit__                      
abs   ffffffff  ___text__                       
abs   ffffffff  binit                           
abs   ffffffff  etext                           
abs   ffffffff  pinit                           

[64 symbols]
